******************************************************************************
                  TI ARM Linker PC v15.12.3                    
******************************************************************************
>> Linked Tue Jun 05 10:23:45 2018

OUTPUT FILE NAME:   <project1.1.out>
ENTRY POINT SYMBOL: "_c_int00"  address: 00002a41


MEMORY CONFIGURATION

         name            origin    length      used     unused   attr    fill
----------------------  --------  ---------  --------  --------  ----  --------
  FLASH                 00000000   00040000  000032f2  0003cd0e  R  X
  SRAM                  20000000   00008000  00000298  00007d68  RW X


SEGMENT ALLOCATION MAP

run origin  load origin   length   init length attrs members
----------  ----------- ---------- ----------- ----- -------
00000000    00000000    000032f4   000032f4    r-x
  00000000    00000000    0000026c   0000026c    r-- .intvecs
  0000026c    0000026c    00002daa   00002daa    r-x .text
  00003018    00003018    000002a0   000002a0    r-- .const
  000032b8    000032b8    0000003c   0000003c    r-- .cinit
20000000    20000000    00000298   00000000    rw-
  20000000    20000000    00000200   00000000    rw- .stack
  20000200    20000200    00000074   00000000    rw- .bss
  20000274    20000274    00000024   00000000    rw- .data


SECTION ALLOCATION MAP

 output                                  attributes/
section   page    origin      length       input sections
--------  ----  ----------  ----------   ----------------
.intvecs   0    00000000    0000026c     
                  00000000    0000026c     tm4c123gh6pm_startup_ccs.obj (.intvecs)

.text      0    0000026c    00002daa     
                  0000026c    00001110     rtsv7M4_T_le_v4SPD16_eabi.lib : _printfi.obj (.text)
                  0000137c    0000049c     uartstdio.obj (.text)
                  00001818    00000250     main.obj (.text)
                  00001a68    000001f4     rtsv7M4_T_le_v4SPD16_eabi.lib : ull_div_t2.obj (.text)
                  00001c5c    000001b6                                   : fd_add_t2.obj (.text)
                  00001e12    00000136                                   : fd_div_t2.obj (.text)
                  00001f48    00000132     driverlib.lib : gpio.obj (.text:GPIOPadConfigSet)
                  0000207a    00000002     rtsv7M4_T_le_v4SPD16_eabi.lib : i_div0.obj (.text)
                  0000207c    00000110     driverlib.lib : sysctl.obj (.text:SysCtlClockGet)
                  0000218c    000000fc     rtsv7M4_T_le_v4SPD16_eabi.lib : fd_mul_t2.obj (.text)
                  00002288    000000fc                                   : s_scalbn.obj (.text)
                  00002384    000000f4     driverlib.lib : sysctl.obj (.text:SysCtlClockSet)
                  00002478    0000009c     rtsv7M4_T_le_v4SPD16_eabi.lib : memcpy_t2.obj (.text)
                  00002514    00000086                                   : fd_cmp_t2.obj (.text:__aeabi_cdcmple)
                  0000259a    00000086                                   : fd_cmp_t2.obj (.text:__aeabi_cdrcmple)
                  00002620    0000007a     driverlib.lib : adc.obj (.text:ADCSequenceStepConfigure)
                  0000269a    0000007a     rtsv7M4_T_le_v4SPD16_eabi.lib : memset_t2.obj (.text)
                  00002714    00000070                                   : autoinit.obj (.text)
                  00002784    0000006e                                   : fd_tos_t2.obj (.text)
                  000027f2    0000006a                                   : copy_decompress_rle.obj (.text)
                  0000285c    00000068     driverlib.lib : interrupt.obj (.text:IntEnable)
                  000028c4    00000064     rtsv7M4_T_le_v4SPD16_eabi.lib : s_frexp.obj (.text)
                  00002928    00000060     driverlib.lib : timer.obj (.text:TimerConfigure)
                  00002988    00000060     rtsv7M4_T_le_v4SPD16_eabi.lib : sprintf.obj (.text)
                  000029e8    00000056                                   : ltoa.obj (.text)
                  00002a3e    00000002                                   : mpu_init.obj (.text)
                  00002a40    00000054                                   : boot.obj (.text)
                  00002a94    00000054                                   : exit.obj (.text)
                  00002ae8    0000004c                                   : atoi.obj (.text)
                  00002b34    0000004c                                   : cpy_tbl.obj (.text)
                  00002b80    00000048     driverlib.lib : gpio.obj (.text:GPIOPinConfigure)
                  00002bc8    00000048     rtsv7M4_T_le_v4SPD16_eabi.lib : fd_toi_t2.obj (.text)
                  00002c10    00000046     driverlib.lib : uart.obj (.text:UARTConfigSetExpClk)
                  00002c56    00000040     rtsv7M4_T_le_v4SPD16_eabi.lib : u_divt2.obj (.text)
                  00002c96    0000003e     driverlib.lib : adc.obj (.text:ADCSequenceConfigure)
                  00002cd4    00000038                   : sysctl.obj (.text:SysCtlPeripheralPresent)
                  00002d0c    00000038     rtsv7M4_T_le_v4SPD16_eabi.lib : fs_tod_t2.obj (.text)
                  00002d44    00000034     driverlib.lib : sysctl.obj (.text:SysCtlPeripheralEnable)
                  00002d78    0000002e                   : adc.obj (.text:ADCIntStatus)
                  00002da6    0000002e     rtsv7M4_T_le_v4SPD16_eabi.lib : i_tofd_t2.obj (.text)
                  00002dd4    0000002a     driverlib.lib : gpio.obj (.text:GPIODirModeSet)
                  00002dfe    00000002     rtsv7M4_T_le_v4SPD16_eabi.lib : startup.obj (.text)
                  00002e00    00000020     driverlib.lib : uart.obj (.text:UARTDisable)
                  00002e20    00000020     rtsv7M4_T_le_v4SPD16_eabi.lib : u_tofd_t2.obj (.text)
                  00002e40    0000001e     driverlib.lib : adc.obj (.text:ADCSequenceDataGet)
                  00002e5e    0000001c     rtsv7M4_T_le_v4SPD16_eabi.lib : memccpy.obj (.text)
                  00002e7a    00000018     driverlib.lib : adc.obj (.text:ADCProcessorTrigger)
                  00002e92    00000018                   : gpio.obj (.text:GPIOPinTypeGPIOOutput)
                  00002eaa    00000002     --HOLE-- [fill = 0]
                  00002eac    00000018     rtsv7M4_T_le_v4SPD16_eabi.lib : args_main.obj (.text)
                  00002ec4    00000016                                   : strchr.obj (.text)
                  00002eda    00000014     driverlib.lib : uart.obj (.text:UARTEnable)
                  00002eee    00000002     --HOLE-- [fill = 0]
                  00002ef0    00000014     rtsv7M4_T_le_v4SPD16_eabi.lib : _lock.obj (.text)
                  00002f04    00000014                                   : s_copysign.obj (.text)
                  00002f18    00000014                                   : strlen.obj (.text)
                  00002f2c    00000012     driverlib.lib : gpio.obj (.text:GPIOPinTypeADC)
                  00002f3e    00000012                   : gpio.obj (.text:GPIOPinTypeUART)
                  00002f50    00000012                   : timer.obj (.text:TimerLoadSet)
                  00002f62    00000010                   : interrupt.obj (.text:IntMasterEnable)
                  00002f72    0000000e                   : adc.obj (.text:ADCSequenceEnable)
                  00002f80    0000000e                   : timer.obj (.text:TimerEnable)
                  00002f8e    0000000e     rtsv7M4_T_le_v4SPD16_eabi.lib : copy_decompress_none.obj (.text:decompress:none)
                  00002f9c    0000000c     driverlib.lib : cpu.obj (.text:CPUcpsie)
                  00002fa8    0000000c     tm4c123gh6pm_startup_ccs.obj (.text)
                  00002fb4    0000000a     driverlib.lib : adc.obj (.text:ADCIntClear)
                  00002fbe    0000000a                   : uart.obj (.text:UARTCharGet)
                  00002fc8    0000000a                   : uart.obj (.text:UARTCharPut)
                  00002fd2    0000000a                   : uart.obj (.text:UARTIntStatus)
                  00002fdc    00000008                   : timer.obj (.text:TimerIntEnable)
                  00002fe4    00000008                   : uart.obj (.text:UARTIntEnable)
                  00002fec    00000006                   : gpio.obj (.text:GPIOPinRead)
                  00002ff2    00000006                   : gpio.obj (.text:GPIOPinWrite)
                  00002ff8    00000006                   : sysctl.obj (.text:SysCtlDelay)
                  00002ffe    00000006                   : uart.obj (.text:UARTClockSourceSet)
                  00003004    00000006     rtsv7M4_T_le_v4SPD16_eabi.lib : copy_decompress_rle.obj (.text:decompress:rle24)
                  0000300a    00000004     driverlib.lib : timer.obj (.text:TimerIntClear)
                  0000300e    00000004                   : uart.obj (.text:UARTIntClear)
                  00003012    00000004     rtsv7M4_T_le_v4SPD16_eabi.lib : pre_init.obj (.text)

.const     0    00003018    000002a0     
                  00003018    00000101     rtsv7M4_T_le_v4SPD16_eabi.lib : ctype.obj (.const:.string:_ctypes_)
                  00003119    00000003     --HOLE-- [fill = 0]
                  0000311c    00000090     driverlib.lib : gpio.obj (.const:g_pui32GPIOBaseAddrs)
                  000031ac    00000070                   : interrupt.obj (.const)
                  0000321c    0000006c                   : sysctl.obj (.const:g_pui32Xtals)
                  00003288    00000012     uartstdio.obj (.const:.string)
                  0000329a    00000002     --HOLE-- [fill = 0]
                  0000329c    0000000c     uartstdio.obj (.const:g_ui32UARTBase)
                  000032a8    0000000c     uartstdio.obj (.const:g_ui32UARTPeriph)
                  000032b4    00000004     uartstdio.obj (.const)

.cinit     0    000032b8    0000003c     
                  000032b8    00000016     (.cinit..data.load) [load image, compression = rle]
                  000032ce    00000002     --HOLE-- [fill = 0]
                  000032d0    00000009     (.cinit..bss.load) [load image, compression = rle]
                  000032d9    00000003     --HOLE-- [fill = 0]
                  000032dc    00000008     (__TI_handler_table)
                  000032e4    00000010     (__TI_cinit_table)

.init_array 
*          0    00000000    00000000     UNINITIALIZED

.stack     0    20000000    00000200     UNINITIALIZED
                  20000000    00000200     --HOLE--

.bss       0    20000200    00000074     UNINITIALIZED
                  20000200    00000064     (.common:str)
                  20000264    00000008     (.common:Data)
                  2000026c    00000004     (.common:Voltage1)
                  20000270    00000004     (.common:Voltage2)

.data      0    20000274    00000024     UNINITIALIZED
                  20000274    0000000c     rtsv7M4_T_le_v4SPD16_eabi.lib : exit.obj (.data:$O1$$)
                  20000280    00000008                                   : _lock.obj (.data:$O1$$)
                  20000288    00000005     uartstdio.obj (.data)
                  2000028d    00000003     --HOLE--
                  20000290    00000004     rtsv7M4_T_le_v4SPD16_eabi.lib : errno.obj (.data)
                  20000294    00000004                                   : stkdepth_vars.obj (.data)

MODULE SUMMARY

       Module                         code    ro data   rw data
       ------                         ----    -------   -------
    .\
       uartstdio.obj                  1180    46        5      
       main.obj                       592     0         116    
       tm4c123gh6pm_startup_ccs.obj   12      620       0      
    +--+------------------------------+-------+---------+---------+
       Total:                         1784    666       121    
                                                               
    C:/ti/TivaWare_C_Series-2.1.2.111/driverlib/ccs/Debug/driverlib.lib
       sysctl.obj                     630     108       0      
       gpio.obj                       492     144       0      
       adc.obj                        308     0         0      
       interrupt.obj                  120     112       0      
       uart.obj                       170     0         0      
       timer.obj                      140     0         0      
       cpu.obj                        12      0         0      
    +--+------------------------------+-------+---------+---------+
       Total:                         1872    364       0      
                                                               
    C:\ti\ccsv6\tools\compiler\arm_15.12.3.LTS\lib\rtsv7M4_T_le_v4SPD16_eabi.lib
       _printfi.obj                   4368    0         0      
       ull_div_t2.obj                 500     0         0      
       fd_add_t2.obj                  438     0         0      
       fd_div_t2.obj                  310     0         0      
       fd_cmp_t2.obj                  268     0         0      
       ctype.obj                      0       257       0      
       fd_mul_t2.obj                  252     0         0      
       s_scalbn.obj                   252     0         0      
       memcpy_t2.obj                  156     0         0      
       memset_t2.obj                  122     0         0      
       autoinit.obj                   112     0         0      
       copy_decompress_rle.obj        112     0         0      
       fd_tos_t2.obj                  110     0         0      
       s_frexp.obj                    100     0         0      
       exit.obj                       84      0         12     
       sprintf.obj                    96      0         0      
       ltoa.obj                       86      0         0      
       boot.obj                       84      0         0      
       atoi.obj                       76      0         0      
       cpy_tbl.obj                    76      0         0      
       fd_toi_t2.obj                  72      0         0      
       u_divt2.obj                    64      0         0      
       fs_tod_t2.obj                  56      0         0      
       i_tofd_t2.obj                  46      0         0      
       u_tofd_t2.obj                  32      0         0      
       _lock.obj                      20      0         8      
       memccpy.obj                    28      0         0      
       args_main.obj                  24      0         0      
       strchr.obj                     22      0         0      
       s_copysign.obj                 20      0         0      
       strlen.obj                     20      0         0      
       copy_decompress_none.obj       14      0         0      
       errno.obj                      0       0         4      
       pre_init.obj                   4       0         0      
       stkdepth_vars.obj              0       0         4      
       i_div0.obj                     2       0         0      
       mpu_init.obj                   2       0         0      
       startup.obj                    2       0         0      
    +--+------------------------------+-------+---------+---------+
       Total:                         8030    257       28     
                                                               
       Stack:                         0       0         512    
       Linker Generated:              0       55        0      
    +--+------------------------------+-------+---------+---------+
       Grand Total:                   11686   1342      661    


LINKER GENERATED COPY TABLES

__TI_cinit_table @ 000032e4 records: 2, size/record: 8, table size: 16
	.data: load addr=000032b8, load size=00000016 bytes, run addr=20000274, run size=00000024 bytes, compression=rle
	.bss: load addr=000032d0, load size=00000009 bytes, run addr=20000200, run size=00000074 bytes, compression=rle


LINKER GENERATED HANDLER TABLE

__TI_handler_table @ 000032dc records: 2, size/record: 4, table size: 8
	index: 0, handler: __TI_decompress_rle24
	index: 1, handler: __TI_decompress_none


GLOBAL SYMBOLS: SORTED ALPHABETICALLY BY Name 

address   name                           
-------   ----                           
00002fb5  ADCIntClear                    
00002d79  ADCIntStatus                   
00002e7b  ADCProcessorTrigger            
00002c97  ADCSequenceConfigure           
00002e41  ADCSequenceDataGet             
00002f73  ADCSequenceEnable              
00002621  ADCSequenceStepConfigure       
00002a95  C$$EXIT                        
00002f9d  CPUcpsie                       
000018bb  ConfigureUART                  
20000264  Data                           
00002dd5  GPIODirModeSet                 
00001f49  GPIOPadConfigSet               
00002b81  GPIOPinConfigure               
00002fed  GPIOPinRead                    
00002f2d  GPIOPinTypeADC                 
00002e93  GPIOPinTypeGPIOOutput          
00002f3f  GPIOPinTypeUART                
00002ff3  GPIOPinWrite                   
0000285d  IntEnable                      
00002f63  IntMasterEnable                
00002fa9  ResetISR                       
UNDEFED   SHT$$INIT_ARRAY$$Base          
UNDEFED   SHT$$INIT_ARRAY$$Limit         
0000207d  SysCtlClockGet                 
00002385  SysCtlClockSet                 
00002ff9  SysCtlDelay                    
00002d45  SysCtlPeripheralEnable         
00002cd5  SysCtlPeripheralPresent        
00001915  Timer0IntHandler               
00002929  TimerConfigure                 
00002f81  TimerEnable                    
0000300b  TimerIntClear                  
00002fdd  TimerIntEnable                 
00002f51  TimerLoadSet                   
000018a5  UART0_IntHandler               
00002fbf  UARTCharGet                    
00002fc9  UARTCharPut                    
00002fff  UARTClockSourceSet             
00002c11  UARTConfigSetExpClk            
00002e01  UARTDisable                    
00002edb  UARTEnable                     
0000300f  UARTIntClear                   
00002fe5  UARTIntEnable                  
00002fd3  UARTIntStatus                  
0000137d  UARTStdioConfig                
000014c3  UARTgetc                       
00001409  UARTgets                       
000017e3  UARTprintf                     
000014e9  UARTvprintf                    
000013c3  UARTwrite                      
2000026c  Voltage1                       
20000270  Voltage2                       
20000200  __STACK_END                    
00000200  __STACK_SIZE                   
20000200  __STACK_TOP                    
000032e4  __TI_CINIT_Base                
000032f4  __TI_CINIT_Limit               
000032dc  __TI_Handler_Table_Base        
000032e4  __TI_Handler_Table_Limit       
00002715  __TI_auto_init                 
20000274  __TI_cleanup_ptr               
00002f8f  __TI_decompress_none           
00003005  __TI_decompress_rle24          
20000278  __TI_dtors_ptr                 
2000027c  __TI_enable_exit_profile_output
ffffffff  __TI_pprof_out_hndl            
00001077  __TI_printfi                   
ffffffff  __TI_prof_data_size            
ffffffff  __TI_prof_data_start           
00000000  __TI_static_base__             
00002515  __aeabi_cdcmpeq                
00002515  __aeabi_cdcmple                
0000259b  __aeabi_cdrcmple               
00002785  __aeabi_d2f                    
00002bc9  __aeabi_d2iz                   
00001c67  __aeabi_dadd                   
00001e13  __aeabi_ddiv                   
0000218d  __aeabi_dmul                   
00001c5d  __aeabi_dsub                   
00002d0d  __aeabi_f2d                    
00002da7  __aeabi_i2d                    
0000207b  __aeabi_idiv0                  
0000269b  __aeabi_memclr                 
0000269b  __aeabi_memclr4                
0000269b  __aeabi_memclr8                
00002479  __aeabi_memcpy                 
00002479  __aeabi_memcpy4                
00002479  __aeabi_memcpy8                
0000269d  __aeabi_memset                 
0000269d  __aeabi_memset4                
0000269d  __aeabi_memset8                
00002e21  __aeabi_ui2d                   
00002c57  __aeabi_uidiv                  
00002c57  __aeabi_uidivmod               
00001a69  __aeabi_uldivmod               
ffffffff  __binit__                      
ffffffff  __c_args__                     
00002a3f  __mpu_init                     
20000000  __stack                        
00002ead  _args_main                     
00002a41  _c_int00                       
00003018  _ctypes_                       
20000280  _lock                          
00002eff  _nop                           
00002ef7  _register_lock                 
00002ef1  _register_unlock               
00002dff  _system_post_cinit             
00003013  _system_pre_init               
20000284  _unlock                        
00002a99  abort                          
00002ae9  atoi                           
ffffffff  binit                          
00001819  config_adc                     
0000185d  config_timer                   
00002b35  copy_in                        
00002f05  copysign                       
00002f05  copysignl                      
20000290  errno                          
00002aa1  exit                           
000028c5  frexp                          
000028c5  frexpl                         
00000000  g_pfnVectors                   
00002289  ldexp                          
00002289  ldexpl                         
000029e9  ltoa                           
000019dd  main                           
20000294  main_func_sp                   
00002e5f  memccpy                        
00002479  memcpy                         
000026a3  memset                         
00002289  scalbn                         
00002289  scalbnl                        
00002989  sprintf                        
20000200  str                            
00002ec5  strchr                         
00002f19  strlen                         


GLOBAL SYMBOLS: SORTED BY Symbol Address 

address   name                           
-------   ----                           
00000000  __TI_static_base__             
00000000  g_pfnVectors                   
00000200  __STACK_SIZE                   
00001077  __TI_printfi                   
0000137d  UARTStdioConfig                
000013c3  UARTwrite                      
00001409  UARTgets                       
000014c3  UARTgetc                       
000014e9  UARTvprintf                    
000017e3  UARTprintf                     
00001819  config_adc                     
0000185d  config_timer                   
000018a5  UART0_IntHandler               
000018bb  ConfigureUART                  
00001915  Timer0IntHandler               
000019dd  main                           
00001a69  __aeabi_uldivmod               
00001c5d  __aeabi_dsub                   
00001c67  __aeabi_dadd                   
00001e13  __aeabi_ddiv                   
00001f49  GPIOPadConfigSet               
0000207b  __aeabi_idiv0                  
0000207d  SysCtlClockGet                 
0000218d  __aeabi_dmul                   
00002289  ldexp                          
00002289  ldexpl                         
00002289  scalbn                         
00002289  scalbnl                        
00002385  SysCtlClockSet                 
00002479  __aeabi_memcpy                 
00002479  __aeabi_memcpy4                
00002479  __aeabi_memcpy8                
00002479  memcpy                         
00002515  __aeabi_cdcmpeq                
00002515  __aeabi_cdcmple                
0000259b  __aeabi_cdrcmple               
00002621  ADCSequenceStepConfigure       
0000269b  __aeabi_memclr                 
0000269b  __aeabi_memclr4                
0000269b  __aeabi_memclr8                
0000269d  __aeabi_memset                 
0000269d  __aeabi_memset4                
0000269d  __aeabi_memset8                
000026a3  memset                         
00002715  __TI_auto_init                 
00002785  __aeabi_d2f                    
0000285d  IntEnable                      
000028c5  frexp                          
000028c5  frexpl                         
00002929  TimerConfigure                 
00002989  sprintf                        
000029e9  ltoa                           
00002a3f  __mpu_init                     
00002a41  _c_int00                       
00002a95  C$$EXIT                        
00002a99  abort                          
00002aa1  exit                           
00002ae9  atoi                           
00002b35  copy_in                        
00002b81  GPIOPinConfigure               
00002bc9  __aeabi_d2iz                   
00002c11  UARTConfigSetExpClk            
00002c57  __aeabi_uidiv                  
00002c57  __aeabi_uidivmod               
00002c97  ADCSequenceConfigure           
00002cd5  SysCtlPeripheralPresent        
00002d0d  __aeabi_f2d                    
00002d45  SysCtlPeripheralEnable         
00002d79  ADCIntStatus                   
00002da7  __aeabi_i2d                    
00002dd5  GPIODirModeSet                 
00002dff  _system_post_cinit             
00002e01  UARTDisable                    
00002e21  __aeabi_ui2d                   
00002e41  ADCSequenceDataGet             
00002e5f  memccpy                        
00002e7b  ADCProcessorTrigger            
00002e93  GPIOPinTypeGPIOOutput          
00002ead  _args_main                     
00002ec5  strchr                         
00002edb  UARTEnable                     
00002ef1  _register_unlock               
00002ef7  _register_lock                 
00002eff  _nop                           
00002f05  copysign                       
00002f05  copysignl                      
00002f19  strlen                         
00002f2d  GPIOPinTypeADC                 
00002f3f  GPIOPinTypeUART                
00002f51  TimerLoadSet                   
00002f63  IntMasterEnable                
00002f73  ADCSequenceEnable              
00002f81  TimerEnable                    
00002f8f  __TI_decompress_none           
00002f9d  CPUcpsie                       
00002fa9  ResetISR                       
00002fb5  ADCIntClear                    
00002fbf  UARTCharGet                    
00002fc9  UARTCharPut                    
00002fd3  UARTIntStatus                  
00002fdd  TimerIntEnable                 
00002fe5  UARTIntEnable                  
00002fed  GPIOPinRead                    
00002ff3  GPIOPinWrite                   
00002ff9  SysCtlDelay                    
00002fff  UARTClockSourceSet             
00003005  __TI_decompress_rle24          
0000300b  TimerIntClear                  
0000300f  UARTIntClear                   
00003013  _system_pre_init               
00003018  _ctypes_                       
000032dc  __TI_Handler_Table_Base        
000032e4  __TI_CINIT_Base                
000032e4  __TI_Handler_Table_Limit       
000032f4  __TI_CINIT_Limit               
20000000  __stack                        
20000200  __STACK_END                    
20000200  __STACK_TOP                    
20000200  str                            
20000264  Data                           
2000026c  Voltage1                       
20000270  Voltage2                       
20000274  __TI_cleanup_ptr               
20000278  __TI_dtors_ptr                 
2000027c  __TI_enable_exit_profile_output
20000280  _lock                          
20000284  _unlock                        
20000290  errno                          
20000294  main_func_sp                   
ffffffff  __TI_pprof_out_hndl            
ffffffff  __TI_prof_data_size            
ffffffff  __TI_prof_data_start           
ffffffff  __binit__                      
ffffffff  __c_args__                     
ffffffff  binit                          
UNDEFED   SHT$$INIT_ARRAY$$Base          
UNDEFED   SHT$$INIT_ARRAY$$Limit         

[137 symbols]
