<?xml version="1.0"?>
<link_info>
   <banner>TI ARM Linker PC v15.12.3.LTS</banner>
   <copyright>Copyright (c) 1996-2015 Texas Instruments Incorporated</copyright>
   <link_time>0x5b160241</link_time>
   <link_errors>0x0</link_errors>
   <output_file>project1.1.out</output_file>
   <entry_point>
      <name>_c_int00</name>
      <address>0x2a41</address>
   </entry_point>
   <input_file_list>
      <input_file id="fl-2">
         <path>.\</path>
         <kind>object</kind>
         <file>main.obj</file>
         <name>main.obj</name>
      </input_file>
      <input_file id="fl-3">
         <path>.\</path>
         <kind>object</kind>
         <file>tm4c123gh6pm_startup_ccs.obj</file>
         <name>tm4c123gh6pm_startup_ccs.obj</name>
      </input_file>
      <input_file id="fl-4">
         <path>.\</path>
         <kind>object</kind>
         <file>uartstdio.obj</file>
         <name>uartstdio.obj</name>
      </input_file>
      <input_file id="fl-a">
         <path>C:\ti\TivaWare_C_Series-2.1.2.111\driverlib\ccs\Debug\</path>
         <kind>archive</kind>
         <file>driverlib.lib</file>
         <name>adc.obj</name>
      </input_file>
      <input_file id="fl-b">
         <path>C:\ti\TivaWare_C_Series-2.1.2.111\driverlib\ccs\Debug\</path>
         <kind>archive</kind>
         <file>driverlib.lib</file>
         <name>gpio.obj</name>
      </input_file>
      <input_file id="fl-c">
         <path>C:\ti\TivaWare_C_Series-2.1.2.111\driverlib\ccs\Debug\</path>
         <kind>archive</kind>
         <file>driverlib.lib</file>
         <name>interrupt.obj</name>
      </input_file>
      <input_file id="fl-d">
         <path>C:\ti\TivaWare_C_Series-2.1.2.111\driverlib\ccs\Debug\</path>
         <kind>archive</kind>
         <file>driverlib.lib</file>
         <name>sysctl.obj</name>
      </input_file>
      <input_file id="fl-e">
         <path>C:\ti\TivaWare_C_Series-2.1.2.111\driverlib\ccs\Debug\</path>
         <kind>archive</kind>
         <file>driverlib.lib</file>
         <name>timer.obj</name>
      </input_file>
      <input_file id="fl-f">
         <path>C:\ti\TivaWare_C_Series-2.1.2.111\driverlib\ccs\Debug\</path>
         <kind>archive</kind>
         <file>driverlib.lib</file>
         <name>uart.obj</name>
      </input_file>
      <input_file id="fl-10">
         <path>C:\ti\TivaWare_C_Series-2.1.2.111\driverlib\ccs\Debug\</path>
         <kind>archive</kind>
         <file>driverlib.lib</file>
         <name>cpu.obj</name>
      </input_file>
      <input_file id="fl-c6">
         <path>C:\ti\ccsv6\tools\compiler\arm_15.12.3.LTS\lib\</path>
         <kind>archive</kind>
         <file>rtsv7M4_T_le_v4SPD16_eabi.lib</file>
         <name>boot.obj</name>
      </input_file>
      <input_file id="fl-c7">
         <path>C:\ti\ccsv6\tools\compiler\arm_15.12.3.LTS\lib\</path>
         <kind>archive</kind>
         <file>rtsv7M4_T_le_v4SPD16_eabi.lib</file>
         <name>copy_decompress_none.obj</name>
      </input_file>
      <input_file id="fl-c8">
         <path>C:\ti\ccsv6\tools\compiler\arm_15.12.3.LTS\lib\</path>
         <kind>archive</kind>
         <file>rtsv7M4_T_le_v4SPD16_eabi.lib</file>
         <name>copy_decompress_rle.obj</name>
      </input_file>
      <input_file id="fl-c9">
         <path>C:\ti\ccsv6\tools\compiler\arm_15.12.3.LTS\lib\</path>
         <kind>archive</kind>
         <file>rtsv7M4_T_le_v4SPD16_eabi.lib</file>
         <name>copy_zero_init.obj</name>
      </input_file>
      <input_file id="fl-ca">
         <path>C:\ti\ccsv6\tools\compiler\arm_15.12.3.LTS\lib\</path>
         <kind>archive</kind>
         <file>rtsv7M4_T_le_v4SPD16_eabi.lib</file>
         <name>exit.obj</name>
      </input_file>
      <input_file id="fl-cb">
         <path>C:\ti\ccsv6\tools\compiler\arm_15.12.3.LTS\lib\</path>
         <kind>archive</kind>
         <file>rtsv7M4_T_le_v4SPD16_eabi.lib</file>
         <name>fd_div_t2.obj</name>
      </input_file>
      <input_file id="fl-cc">
         <path>C:\ti\ccsv6\tools\compiler\arm_15.12.3.LTS\lib\</path>
         <kind>archive</kind>
         <file>rtsv7M4_T_le_v4SPD16_eabi.lib</file>
         <name>fd_mul_t2.obj</name>
      </input_file>
      <input_file id="fl-cd">
         <path>C:\ti\ccsv6\tools\compiler\arm_15.12.3.LTS\lib\</path>
         <kind>archive</kind>
         <file>rtsv7M4_T_le_v4SPD16_eabi.lib</file>
         <name>fd_tos_t2.obj</name>
      </input_file>
      <input_file id="fl-ce">
         <path>C:\ti\ccsv6\tools\compiler\arm_15.12.3.LTS\lib\</path>
         <kind>archive</kind>
         <file>rtsv7M4_T_le_v4SPD16_eabi.lib</file>
         <name>fs_tod_t2.obj</name>
      </input_file>
      <input_file id="fl-cf">
         <path>C:\ti\ccsv6\tools\compiler\arm_15.12.3.LTS\lib\</path>
         <kind>archive</kind>
         <file>rtsv7M4_T_le_v4SPD16_eabi.lib</file>
         <name>memcpy_t2.obj</name>
      </input_file>
      <input_file id="fl-d0">
         <path>C:\ti\ccsv6\tools\compiler\arm_15.12.3.LTS\lib\</path>
         <kind>archive</kind>
         <file>rtsv7M4_T_le_v4SPD16_eabi.lib</file>
         <name>memset_t2.obj</name>
      </input_file>
      <input_file id="fl-d1">
         <path>C:\ti\ccsv6\tools\compiler\arm_15.12.3.LTS\lib\</path>
         <kind>archive</kind>
         <file>rtsv7M4_T_le_v4SPD16_eabi.lib</file>
         <name>mpu_init.obj</name>
      </input_file>
      <input_file id="fl-d2">
         <path>C:\ti\ccsv6\tools\compiler\arm_15.12.3.LTS\lib\</path>
         <kind>archive</kind>
         <file>rtsv7M4_T_le_v4SPD16_eabi.lib</file>
         <name>pre_init.obj</name>
      </input_file>
      <input_file id="fl-d3">
         <path>C:\ti\ccsv6\tools\compiler\arm_15.12.3.LTS\lib\</path>
         <kind>archive</kind>
         <file>rtsv7M4_T_le_v4SPD16_eabi.lib</file>
         <name>sprintf.obj</name>
      </input_file>
      <input_file id="fl-d4">
         <path>C:\ti\ccsv6\tools\compiler\arm_15.12.3.LTS\lib\</path>
         <kind>archive</kind>
         <file>rtsv7M4_T_le_v4SPD16_eabi.lib</file>
         <name>stkdepth_vars.obj</name>
      </input_file>
      <input_file id="fl-d5">
         <path>C:\ti\ccsv6\tools\compiler\arm_15.12.3.LTS\lib\</path>
         <kind>archive</kind>
         <file>rtsv7M4_T_le_v4SPD16_eabi.lib</file>
         <name>u_divt2.obj</name>
      </input_file>
      <input_file id="fl-d6">
         <path>C:\ti\ccsv6\tools\compiler\arm_15.12.3.LTS\lib\</path>
         <kind>archive</kind>
         <file>rtsv7M4_T_le_v4SPD16_eabi.lib</file>
         <name>u_tofd_t2.obj</name>
      </input_file>
      <input_file id="fl-d7">
         <path>C:\ti\ccsv6\tools\compiler\arm_15.12.3.LTS\lib\</path>
         <kind>archive</kind>
         <file>rtsv7M4_T_le_v4SPD16_eabi.lib</file>
         <name>_lock.obj</name>
      </input_file>
      <input_file id="fl-d8">
         <path>C:\ti\ccsv6\tools\compiler\arm_15.12.3.LTS\lib\</path>
         <kind>archive</kind>
         <file>rtsv7M4_T_le_v4SPD16_eabi.lib</file>
         <name>_printfi.obj</name>
      </input_file>
      <input_file id="fl-d9">
         <path>C:\ti\ccsv6\tools\compiler\arm_15.12.3.LTS\lib\</path>
         <kind>archive</kind>
         <file>rtsv7M4_T_le_v4SPD16_eabi.lib</file>
         <name>args_main.obj</name>
      </input_file>
      <input_file id="fl-da">
         <path>C:\ti\ccsv6\tools\compiler\arm_15.12.3.LTS\lib\</path>
         <kind>archive</kind>
         <file>rtsv7M4_T_le_v4SPD16_eabi.lib</file>
         <name>atoi.obj</name>
      </input_file>
      <input_file id="fl-db">
         <path>C:\ti\ccsv6\tools\compiler\arm_15.12.3.LTS\lib\</path>
         <kind>archive</kind>
         <file>rtsv7M4_T_le_v4SPD16_eabi.lib</file>
         <name>autoinit.obj</name>
      </input_file>
      <input_file id="fl-dc">
         <path>C:\ti\ccsv6\tools\compiler\arm_15.12.3.LTS\lib\</path>
         <kind>archive</kind>
         <file>rtsv7M4_T_le_v4SPD16_eabi.lib</file>
         <name>cpy_tbl.obj</name>
      </input_file>
      <input_file id="fl-dd">
         <path>C:\ti\ccsv6\tools\compiler\arm_15.12.3.LTS\lib\</path>
         <kind>archive</kind>
         <file>rtsv7M4_T_le_v4SPD16_eabi.lib</file>
         <name>ctype.obj</name>
      </input_file>
      <input_file id="fl-de">
         <path>C:\ti\ccsv6\tools\compiler\arm_15.12.3.LTS\lib\</path>
         <kind>archive</kind>
         <file>rtsv7M4_T_le_v4SPD16_eabi.lib</file>
         <name>fd_add_t2.obj</name>
      </input_file>
      <input_file id="fl-df">
         <path>C:\ti\ccsv6\tools\compiler\arm_15.12.3.LTS\lib\</path>
         <kind>archive</kind>
         <file>rtsv7M4_T_le_v4SPD16_eabi.lib</file>
         <name>fd_cmp_t2.obj</name>
      </input_file>
      <input_file id="fl-e0">
         <path>C:\ti\ccsv6\tools\compiler\arm_15.12.3.LTS\lib\</path>
         <kind>archive</kind>
         <file>rtsv7M4_T_le_v4SPD16_eabi.lib</file>
         <name>fd_toi_t2.obj</name>
      </input_file>
      <input_file id="fl-e1">
         <path>C:\ti\ccsv6\tools\compiler\arm_15.12.3.LTS\lib\</path>
         <kind>archive</kind>
         <file>rtsv7M4_T_le_v4SPD16_eabi.lib</file>
         <name>i_div0.obj</name>
      </input_file>
      <input_file id="fl-e2">
         <path>C:\ti\ccsv6\tools\compiler\arm_15.12.3.LTS\lib\</path>
         <kind>archive</kind>
         <file>rtsv7M4_T_le_v4SPD16_eabi.lib</file>
         <name>i_tofd_t2.obj</name>
      </input_file>
      <input_file id="fl-e3">
         <path>C:\ti\ccsv6\tools\compiler\arm_15.12.3.LTS\lib\</path>
         <kind>archive</kind>
         <file>rtsv7M4_T_le_v4SPD16_eabi.lib</file>
         <name>ltoa.obj</name>
      </input_file>
      <input_file id="fl-e4">
         <path>C:\ti\ccsv6\tools\compiler\arm_15.12.3.LTS\lib\</path>
         <kind>archive</kind>
         <file>rtsv7M4_T_le_v4SPD16_eabi.lib</file>
         <name>memccpy.obj</name>
      </input_file>
      <input_file id="fl-e5">
         <path>C:\ti\ccsv6\tools\compiler\arm_15.12.3.LTS\lib\</path>
         <kind>archive</kind>
         <file>rtsv7M4_T_le_v4SPD16_eabi.lib</file>
         <name>s_frexp.obj</name>
      </input_file>
      <input_file id="fl-e6">
         <path>C:\ti\ccsv6\tools\compiler\arm_15.12.3.LTS\lib\</path>
         <kind>archive</kind>
         <file>rtsv7M4_T_le_v4SPD16_eabi.lib</file>
         <name>s_scalbn.obj</name>
      </input_file>
      <input_file id="fl-e7">
         <path>C:\ti\ccsv6\tools\compiler\arm_15.12.3.LTS\lib\</path>
         <kind>archive</kind>
         <file>rtsv7M4_T_le_v4SPD16_eabi.lib</file>
         <name>startup.obj</name>
      </input_file>
      <input_file id="fl-e8">
         <path>C:\ti\ccsv6\tools\compiler\arm_15.12.3.LTS\lib\</path>
         <kind>archive</kind>
         <file>rtsv7M4_T_le_v4SPD16_eabi.lib</file>
         <name>strchr.obj</name>
      </input_file>
      <input_file id="fl-e9">
         <path>C:\ti\ccsv6\tools\compiler\arm_15.12.3.LTS\lib\</path>
         <kind>archive</kind>
         <file>rtsv7M4_T_le_v4SPD16_eabi.lib</file>
         <name>strlen.obj</name>
      </input_file>
      <input_file id="fl-ea">
         <path>C:\ti\ccsv6\tools\compiler\arm_15.12.3.LTS\lib\</path>
         <kind>archive</kind>
         <file>rtsv7M4_T_le_v4SPD16_eabi.lib</file>
         <name>ull_div_t2.obj</name>
      </input_file>
      <input_file id="fl-eb">
         <path>C:\ti\ccsv6\tools\compiler\arm_15.12.3.LTS\lib\</path>
         <kind>archive</kind>
         <file>rtsv7M4_T_le_v4SPD16_eabi.lib</file>
         <name>errno.obj</name>
      </input_file>
      <input_file id="fl-ec">
         <path>C:\ti\ccsv6\tools\compiler\arm_15.12.3.LTS\lib\</path>
         <kind>archive</kind>
         <file>rtsv7M4_T_le_v4SPD16_eabi.lib</file>
         <name>s_copysign.obj</name>
      </input_file>
   </input_file_list>
   <object_component_list>
      <object_component id="oc-f">
         <name>.intvecs</name>
         <load_address>0x0</load_address>
         <run_address>0x0</run_address>
         <size>0x26c</size>
         <input_file_ref idref="fl-3"/>
      </object_component>
      <object_component id="oc-207">
         <name>.text</name>
         <load_address>0x26c</load_address>
         <run_address>0x26c</run_address>
         <size>0x1110</size>
         <input_file_ref idref="fl-d8"/>
      </object_component>
      <object_component id="oc-e8">
         <name>.text</name>
         <load_address>0x137c</load_address>
         <run_address>0x137c</run_address>
         <size>0x49c</size>
         <input_file_ref idref="fl-4"/>
      </object_component>
      <object_component id="oc-31">
         <name>.text</name>
         <load_address>0x1818</load_address>
         <run_address>0x1818</run_address>
         <size>0x250</size>
         <input_file_ref idref="fl-2"/>
      </object_component>
      <object_component id="oc-274">
         <name>.text</name>
         <load_address>0x1a68</load_address>
         <run_address>0x1a68</run_address>
         <size>0x1f4</size>
         <input_file_ref idref="fl-ea"/>
      </object_component>
      <object_component id="oc-299">
         <name>.text</name>
         <load_address>0x1c5c</load_address>
         <run_address>0x1c5c</run_address>
         <size>0x1b6</size>
         <input_file_ref idref="fl-de"/>
      </object_component>
      <object_component id="oc-11c">
         <name>.text</name>
         <load_address>0x1e12</load_address>
         <run_address>0x1e12</run_address>
         <size>0x136</size>
         <input_file_ref idref="fl-cb"/>
      </object_component>
      <object_component id="oc-199">
         <name>.text:GPIOPadConfigSet</name>
         <load_address>0x1f48</load_address>
         <run_address>0x1f48</run_address>
         <size>0x132</size>
         <input_file_ref idref="fl-b"/>
      </object_component>
      <object_component id="oc-268">
         <name>.text</name>
         <load_address>0x207a</load_address>
         <run_address>0x207a</run_address>
         <size>0x2</size>
         <input_file_ref idref="fl-e1"/>
      </object_component>
      <object_component id="oc-ac">
         <name>.text:SysCtlClockGet</name>
         <load_address>0x207c</load_address>
         <run_address>0x207c</run_address>
         <size>0x110</size>
         <input_file_ref idref="fl-d"/>
      </object_component>
      <object_component id="oc-117">
         <name>.text</name>
         <load_address>0x218c</load_address>
         <run_address>0x218c</run_address>
         <size>0xfc</size>
         <input_file_ref idref="fl-cc"/>
      </object_component>
      <object_component id="oc-2a4">
         <name>.text</name>
         <load_address>0x2288</load_address>
         <run_address>0x2288</run_address>
         <size>0xfc</size>
         <input_file_ref idref="fl-e6"/>
      </object_component>
      <object_component id="oc-13d">
         <name>.text:SysCtlClockSet</name>
         <load_address>0x2384</load_address>
         <run_address>0x2384</run_address>
         <size>0xf4</size>
         <input_file_ref idref="fl-d"/>
      </object_component>
      <object_component id="oc-3a">
         <name>.text</name>
         <load_address>0x2478</load_address>
         <run_address>0x2478</run_address>
         <size>0x9c</size>
         <input_file_ref idref="fl-cf"/>
      </object_component>
      <object_component id="oc-27f">
         <name>.text:__aeabi_cdcmple</name>
         <load_address>0x2514</load_address>
         <run_address>0x2514</run_address>
         <size>0x86</size>
         <input_file_ref idref="fl-df"/>
      </object_component>
      <object_component id="oc-284">
         <name>.text:__aeabi_cdrcmple</name>
         <load_address>0x259a</load_address>
         <run_address>0x259a</run_address>
         <size>0x86</size>
         <input_file_ref idref="fl-df"/>
      </object_component>
      <object_component id="oc-94">
         <name>.text:ADCSequenceStepConfigure</name>
         <load_address>0x2620</load_address>
         <run_address>0x2620</run_address>
         <size>0x7a</size>
         <input_file_ref idref="fl-a"/>
      </object_component>
      <object_component id="oc-53">
         <name>.text</name>
         <load_address>0x269a</load_address>
         <run_address>0x269a</run_address>
         <size>0x7a</size>
         <input_file_ref idref="fl-d0"/>
      </object_component>
      <object_component id="oc-6b">
         <name>.text</name>
         <load_address>0x2714</load_address>
         <run_address>0x2714</run_address>
         <size>0x70</size>
         <input_file_ref idref="fl-db"/>
      </object_component>
      <object_component id="oc-121">
         <name>.text</name>
         <load_address>0x2784</load_address>
         <run_address>0x2784</run_address>
         <size>0x6e</size>
         <input_file_ref idref="fl-cd"/>
      </object_component>
      <object_component id="oc-46">
         <name>.text</name>
         <load_address>0x27f2</load_address>
         <run_address>0x27f2</run_address>
         <size>0x6a</size>
         <input_file_ref idref="fl-c8"/>
      </object_component>
      <object_component id="oc-b8">
         <name>.text:IntEnable</name>
         <load_address>0x285c</load_address>
         <run_address>0x285c</run_address>
         <size>0x68</size>
         <input_file_ref idref="fl-c"/>
      </object_component>
      <object_component id="oc-29e">
         <name>.text</name>
         <load_address>0x28c4</load_address>
         <run_address>0x28c4</run_address>
         <size>0x64</size>
         <input_file_ref idref="fl-e5"/>
      </object_component>
      <object_component id="oc-a0">
         <name>.text:TimerConfigure</name>
         <load_address>0x2928</load_address>
         <run_address>0x2928</run_address>
         <size>0x60</size>
         <input_file_ref idref="fl-e"/>
      </object_component>
      <object_component id="oc-137">
         <name>.text</name>
         <load_address>0x2988</load_address>
         <run_address>0x2988</run_address>
         <size>0x60</size>
         <input_file_ref idref="fl-d3"/>
      </object_component>
      <object_component id="oc-28e">
         <name>.text</name>
         <load_address>0x29e8</load_address>
         <run_address>0x29e8</run_address>
         <size>0x56</size>
         <input_file_ref idref="fl-e3"/>
      </object_component>
      <object_component id="oc-5f">
         <name>.text</name>
         <load_address>0x2a3e</load_address>
         <run_address>0x2a3e</run_address>
         <size>0x2</size>
         <input_file_ref idref="fl-d1"/>
      </object_component>
      <object_component id="oc-24">
         <name>.text</name>
         <load_address>0x2a40</load_address>
         <run_address>0x2a40</run_address>
         <size>0x54</size>
         <input_file_ref idref="fl-c6"/>
      </object_component>
      <object_component id="oc-77">
         <name>.text</name>
         <load_address>0x2a94</load_address>
         <run_address>0x2a94</run_address>
         <size>0x54</size>
         <input_file_ref idref="fl-ca"/>
      </object_component>
      <object_component id="oc-2b6">
         <name>.text</name>
         <load_address>0x2ae8</load_address>
         <run_address>0x2ae8</run_address>
         <size>0x4c</size>
         <input_file_ref idref="fl-da"/>
      </object_component>
      <object_component id="oc-176">
         <name>.text</name>
         <load_address>0x2b34</load_address>
         <run_address>0x2b34</run_address>
         <size>0x4c</size>
         <input_file_ref idref="fl-dc"/>
      </object_component>
      <object_component id="oc-d6">
         <name>.text:GPIOPinConfigure</name>
         <load_address>0x2b80</load_address>
         <run_address>0x2b80</run_address>
         <size>0x48</size>
         <input_file_ref idref="fl-b"/>
      </object_component>
      <object_component id="oc-289">
         <name>.text</name>
         <load_address>0x2bc8</load_address>
         <run_address>0x2bc8</run_address>
         <size>0x48</size>
         <input_file_ref idref="fl-e0"/>
      </object_component>
      <object_component id="oc-1ca">
         <name>.text:UARTConfigSetExpClk</name>
         <load_address>0x2c10</load_address>
         <run_address>0x2c10</run_address>
         <size>0x46</size>
         <input_file_ref idref="fl-f"/>
      </object_component>
      <object_component id="oc-1eb">
         <name>.text</name>
         <load_address>0x2c56</load_address>
         <run_address>0x2c56</run_address>
         <size>0x40</size>
         <input_file_ref idref="fl-d5"/>
      </object_component>
      <object_component id="oc-8e">
         <name>.text:ADCSequenceConfigure</name>
         <load_address>0x2c96</load_address>
         <run_address>0x2c96</run_address>
         <size>0x3e</size>
         <input_file_ref idref="fl-a"/>
      </object_component>
      <object_component id="oc-1c4">
         <name>.text:SysCtlPeripheralPresent</name>
         <load_address>0x2cd4</load_address>
         <run_address>0x2cd4</run_address>
         <size>0x38</size>
         <input_file_ref idref="fl-d"/>
      </object_component>
      <object_component id="oc-132">
         <name>.text</name>
         <load_address>0x2d0c</load_address>
         <run_address>0x2d0c</run_address>
         <size>0x38</size>
         <input_file_ref idref="fl-ce"/>
      </object_component>
      <object_component id="oc-82">
         <name>.text:SysCtlPeripheralEnable</name>
         <load_address>0x2d44</load_address>
         <run_address>0x2d44</run_address>
         <size>0x34</size>
         <input_file_ref idref="fl-d"/>
      </object_component>
      <object_component id="oc-106">
         <name>.text:ADCIntStatus</name>
         <load_address>0x2d78</load_address>
         <run_address>0x2d78</run_address>
         <size>0x2e</size>
         <input_file_ref idref="fl-a"/>
      </object_component>
      <object_component id="oc-294">
         <name>.text</name>
         <load_address>0x2da6</load_address>
         <run_address>0x2da6</run_address>
         <size>0x2e</size>
         <input_file_ref idref="fl-e2"/>
      </object_component>
      <object_component id="oc-193">
         <name>.text:GPIODirModeSet</name>
         <load_address>0x2dd4</load_address>
         <run_address>0x2dd4</run_address>
         <size>0x2a</size>
         <input_file_ref idref="fl-b"/>
      </object_component>
      <object_component id="oc-17c">
         <name>.text</name>
         <load_address>0x2dfe</load_address>
         <run_address>0x2dfe</run_address>
         <size>0x2</size>
         <input_file_ref idref="fl-e7"/>
      </object_component>
      <object_component id="oc-258">
         <name>.text:UARTDisable</name>
         <load_address>0x2e00</load_address>
         <run_address>0x2e00</run_address>
         <size>0x20</size>
         <input_file_ref idref="fl-f"/>
      </object_component>
      <object_component id="oc-112">
         <name>.text</name>
         <load_address>0x2e20</load_address>
         <run_address>0x2e20</run_address>
         <size>0x20</size>
         <input_file_ref idref="fl-d6"/>
      </object_component>
      <object_component id="oc-10c">
         <name>.text:ADCSequenceDataGet</name>
         <load_address>0x2e40</load_address>
         <run_address>0x2e40</run_address>
         <size>0x1e</size>
         <input_file_ref idref="fl-a"/>
      </object_component>
      <object_component id="oc-2b0">
         <name>.text</name>
         <load_address>0x2e5e</load_address>
         <run_address>0x2e5e</run_address>
         <size>0x1c</size>
         <input_file_ref idref="fl-e4"/>
      </object_component>
      <object_component id="oc-100">
         <name>.text:ADCProcessorTrigger</name>
         <load_address>0x2e7a</load_address>
         <run_address>0x2e7a</run_address>
         <size>0x18</size>
         <input_file_ref idref="fl-a"/>
      </object_component>
      <object_component id="oc-143">
         <name>.text:GPIOPinTypeGPIOOutput</name>
         <load_address>0x2e92</load_address>
         <run_address>0x2e92</run_address>
         <size>0x18</size>
         <input_file_ref idref="fl-b"/>
      </object_component>
      <object_component id="oc-71">
         <name>.text</name>
         <load_address>0x2eac</load_address>
         <run_address>0x2eac</run_address>
         <size>0x18</size>
         <input_file_ref idref="fl-d9"/>
      </object_component>
      <object_component id="oc-2aa">
         <name>.text</name>
         <load_address>0x2ec4</load_address>
         <run_address>0x2ec4</run_address>
         <size>0x16</size>
         <input_file_ref idref="fl-e8"/>
      </object_component>
      <object_component id="oc-1d0">
         <name>.text:UARTEnable</name>
         <load_address>0x2eda</load_address>
         <run_address>0x2eda</run_address>
         <size>0x14</size>
         <input_file_ref idref="fl-f"/>
      </object_component>
      <object_component id="oc-231">
         <name>.text</name>
         <load_address>0x2ef0</load_address>
         <run_address>0x2ef0</run_address>
         <size>0x14</size>
         <input_file_ref idref="fl-d7"/>
      </object_component>
      <object_component id="oc-2ec">
         <name>.text</name>
         <load_address>0x2f04</load_address>
         <run_address>0x2f04</run_address>
         <size>0x14</size>
         <input_file_ref idref="fl-ec"/>
      </object_component>
      <object_component id="oc-279">
         <name>.text</name>
         <load_address>0x2f18</load_address>
         <run_address>0x2f18</run_address>
         <size>0x14</size>
         <input_file_ref idref="fl-e9"/>
      </object_component>
      <object_component id="oc-88">
         <name>.text:GPIOPinTypeADC</name>
         <load_address>0x2f2c</load_address>
         <run_address>0x2f2c</run_address>
         <size>0x12</size>
         <input_file_ref idref="fl-b"/>
      </object_component>
      <object_component id="oc-dc">
         <name>.text:GPIOPinTypeUART</name>
         <load_address>0x2f3e</load_address>
         <run_address>0x2f3e</run_address>
         <size>0x12</size>
         <input_file_ref idref="fl-b"/>
      </object_component>
      <object_component id="oc-b2">
         <name>.text:TimerLoadSet</name>
         <load_address>0x2f50</load_address>
         <run_address>0x2f50</run_address>
         <size>0x12</size>
         <input_file_ref idref="fl-e"/>
      </object_component>
      <object_component id="oc-c4">
         <name>.text:IntMasterEnable</name>
         <load_address>0x2f62</load_address>
         <run_address>0x2f62</run_address>
         <size>0x10</size>
         <input_file_ref idref="fl-c"/>
      </object_component>
      <object_component id="oc-9a">
         <name>.text:ADCSequenceEnable</name>
         <load_address>0x2f72</load_address>
         <run_address>0x2f72</run_address>
         <size>0xe</size>
         <input_file_ref idref="fl-a"/>
      </object_component>
      <object_component id="oc-a6">
         <name>.text:TimerEnable</name>
         <load_address>0x2f80</load_address>
         <run_address>0x2f80</run_address>
         <size>0xe</size>
         <input_file_ref idref="fl-e"/>
      </object_component>
      <object_component id="oc-12">
         <name>.text:decompress:none</name>
         <load_address>0x2f8e</load_address>
         <run_address>0x2f8e</run_address>
         <size>0xe</size>
         <input_file_ref idref="fl-c7"/>
      </object_component>
      <object_component id="oc-1b3">
         <name>.text:CPUcpsie</name>
         <load_address>0x2f9c</load_address>
         <run_address>0x2f9c</run_address>
         <size>0xc</size>
         <input_file_ref idref="fl-10"/>
      </object_component>
      <object_component id="oc-2b">
         <name>.text</name>
         <load_address>0x2fa8</load_address>
         <run_address>0x2fa8</run_address>
         <size>0xc</size>
         <input_file_ref idref="fl-3"/>
      </object_component>
      <object_component id="oc-fa">
         <name>.text:ADCIntClear</name>
         <load_address>0x2fb4</load_address>
         <run_address>0x2fb4</run_address>
         <size>0xa</size>
         <input_file_ref idref="fl-a"/>
      </object_component>
      <object_component id="oc-1dc">
         <name>.text:UARTCharGet</name>
         <load_address>0x2fbe</load_address>
         <run_address>0x2fbe</run_address>
         <size>0xa</size>
         <input_file_ref idref="fl-f"/>
      </object_component>
      <object_component id="oc-1d6">
         <name>.text:UARTCharPut</name>
         <load_address>0x2fc8</load_address>
         <run_address>0x2fc8</run_address>
         <size>0xa</size>
         <input_file_ref idref="fl-f"/>
      </object_component>
      <object_component id="oc-ca">
         <name>.text:UARTIntStatus</name>
         <load_address>0x2fd2</load_address>
         <run_address>0x2fd2</run_address>
         <size>0xa</size>
         <input_file_ref idref="fl-f"/>
      </object_component>
      <object_component id="oc-be">
         <name>.text:TimerIntEnable</name>
         <load_address>0x2fdc</load_address>
         <run_address>0x2fdc</run_address>
         <size>0x8</size>
         <input_file_ref idref="fl-e"/>
      </object_component>
      <object_component id="oc-ee">
         <name>.text:UARTIntEnable</name>
         <load_address>0x2fe4</load_address>
         <run_address>0x2fe4</run_address>
         <size>0x8</size>
         <input_file_ref idref="fl-f"/>
      </object_component>
      <object_component id="oc-126">
         <name>.text:GPIOPinRead</name>
         <load_address>0x2fec</load_address>
         <run_address>0x2fec</run_address>
         <size>0x6</size>
         <input_file_ref idref="fl-b"/>
      </object_component>
      <object_component id="oc-12c">
         <name>.text:GPIOPinWrite</name>
         <load_address>0x2ff2</load_address>
         <run_address>0x2ff2</run_address>
         <size>0x6</size>
         <input_file_ref idref="fl-b"/>
      </object_component>
      <object_component id="oc-20f">
         <name>.text:SysCtlDelay</name>
         <load_address>0x2ff8</load_address>
         <run_address>0x2ff8</run_address>
         <size>0x6</size>
         <input_file_ref idref="fl-d"/>
      </object_component>
      <object_component id="oc-e2">
         <name>.text:UARTClockSourceSet</name>
         <load_address>0x2ffe</load_address>
         <run_address>0x2ffe</run_address>
         <size>0x6</size>
         <input_file_ref idref="fl-f"/>
      </object_component>
      <object_component id="oc-18">
         <name>.text:decompress:rle24</name>
         <load_address>0x3004</load_address>
         <run_address>0x3004</run_address>
         <size>0x6</size>
         <input_file_ref idref="fl-c8"/>
      </object_component>
      <object_component id="oc-f4">
         <name>.text:TimerIntClear</name>
         <load_address>0x300a</load_address>
         <run_address>0x300a</run_address>
         <size>0x4</size>
         <input_file_ref idref="fl-e"/>
      </object_component>
      <object_component id="oc-d0">
         <name>.text:UARTIntClear</name>
         <load_address>0x300e</load_address>
         <run_address>0x300e</run_address>
         <size>0x4</size>
         <input_file_ref idref="fl-f"/>
      </object_component>
      <object_component id="oc-65">
         <name>.text</name>
         <load_address>0x3012</load_address>
         <run_address>0x3012</run_address>
         <size>0x4</size>
         <input_file_ref idref="fl-d2"/>
      </object_component>
      <object_component id="oc-2fb">
         <name>.const:.string:_ctypes_</name>
         <load_address>0x3018</load_address>
         <run_address>0x3018</run_address>
         <size>0x101</size>
         <input_file_ref idref="fl-dd"/>
      </object_component>
      <object_component id="oc-1bd">
         <name>.const:g_pui32GPIOBaseAddrs</name>
         <load_address>0x311c</load_address>
         <run_address>0x311c</run_address>
         <size>0x90</size>
         <input_file_ref idref="fl-b"/>
      </object_component>
      <object_component id="oc-1ad">
         <name>.const</name>
         <load_address>0x31ac</load_address>
         <run_address>0x31ac</run_address>
         <size>0x70</size>
         <input_file_ref idref="fl-c"/>
      </object_component>
      <object_component id="oc-1a8">
         <name>.const:g_pui32Xtals</name>
         <load_address>0x321c</load_address>
         <run_address>0x321c</run_address>
         <size>0x6c</size>
         <input_file_ref idref="fl-d"/>
      </object_component>
      <object_component id="oc-26f">
         <name>.const:.string</name>
         <load_address>0x3288</load_address>
         <run_address>0x3288</run_address>
         <size>0x12</size>
         <input_file_ref idref="fl-4"/>
      </object_component>
      <object_component id="oc-1e8">
         <name>.const:g_ui32UARTBase</name>
         <load_address>0x329c</load_address>
         <run_address>0x329c</run_address>
         <size>0xc</size>
         <input_file_ref idref="fl-4"/>
      </object_component>
      <object_component id="oc-1e2">
         <name>.const:g_ui32UARTPeriph</name>
         <load_address>0x32a8</load_address>
         <run_address>0x32a8</run_address>
         <size>0xc</size>
         <input_file_ref idref="fl-4"/>
      </object_component>
      <object_component id="oc-1f0">
         <name>.const</name>
         <load_address>0x32b4</load_address>
         <run_address>0x32b4</run_address>
         <size>0x4</size>
         <input_file_ref idref="fl-4"/>
      </object_component>
      <object_component id="oc-33e">
         <name>.cinit..data.load</name>
         <load_address>0x32b8</load_address>
         <run_address>0x32b8</run_address>
         <size>0x16</size>
      </object_component>
      <object_component id="oc-33f">
         <name>.cinit..bss.load</name>
         <load_address>0x32d0</load_address>
         <run_address>0x32d0</run_address>
         <size>0x9</size>
      </object_component>
      <object_component id="oc-33c">
         <name>__TI_handler_table</name>
         <load_address>0x32dc</load_address>
         <run_address>0x32dc</run_address>
         <size>0x8</size>
      </object_component>
      <object_component id="oc-33d">
         <name>__TI_cinit_table</name>
         <load_address>0x32e4</load_address>
         <run_address>0x32e4</run_address>
         <size>0x10</size>
      </object_component>
      <object_component id="oc-1e5">
         <name>.data</name>
         <load_address>0x20000288</load_address>
         <run_address>0x20000288</run_address>
         <size>0x5</size>
         <input_file_ref idref="fl-4"/>
      </object_component>
      <object_component id="oc-186">
         <name>.data:$O1$$</name>
         <load_address>0x20000274</load_address>
         <run_address>0x20000274</run_address>
         <size>0xc</size>
         <input_file_ref idref="fl-ca"/>
      </object_component>
      <object_component id="oc-7d">
         <name>.data</name>
         <load_address>0x20000294</load_address>
         <run_address>0x20000294</run_address>
         <size>0x4</size>
         <input_file_ref idref="fl-d4"/>
      </object_component>
      <object_component id="oc-189">
         <name>.data:$O1$$</name>
         <load_address>0x20000280</load_address>
         <run_address>0x20000280</run_address>
         <size>0x8</size>
         <input_file_ref idref="fl-d7"/>
      </object_component>
      <object_component id="oc-2f2">
         <name>.data</name>
         <load_address>0x20000290</load_address>
         <run_address>0x20000290</run_address>
         <size>0x4</size>
         <input_file_ref idref="fl-eb"/>
      </object_component>
      <object_component id="oc-149">
         <name>.common:Data</name>
         <uninitialized>true</uninitialized>
         <run_address>0x20000264</run_address>
         <size>0x8</size>
      </object_component>
      <object_component id="oc-14e">
         <name>.common:str</name>
         <uninitialized>true</uninitialized>
         <run_address>0x20000200</run_address>
         <size>0x64</size>
      </object_component>
      <object_component id="oc-14c">
         <name>.common:Voltage1</name>
         <uninitialized>true</uninitialized>
         <run_address>0x2000026c</run_address>
         <size>0x4</size>
      </object_component>
      <object_component id="oc-14d">
         <name>.common:Voltage2</name>
         <uninitialized>true</uninitialized>
         <run_address>0x20000270</run_address>
         <size>0x4</size>
      </object_component>
      <object_component id="oc-2a">
         <name>.stack</name>
         <uninitialized>true</uninitialized>
         <run_address>0x20000000</run_address>
         <size>0x0</size>
         <input_file_ref idref="fl-c6"/>
      </object_component>
      <object_component id="oc-340">
         <name>.stack</name>
         <uninitialized>true</uninitialized>
         <run_address>0x20000000</run_address>
         <size>0x0</size>
      </object_component>
      <object_component id="oc-14a">
         <name>.debug_info</name>
         <load_address>0x0</load_address>
         <run_address>0x0</run_address>
         <size>0x7c1</size>
         <input_file_ref idref="fl-2"/>
      </object_component>
      <object_component id="oc-32">
         <name>.debug_info</name>
         <load_address>0x7c1</load_address>
         <run_address>0x7c1</run_address>
         <size>0x754</size>
         <input_file_ref idref="fl-2"/>
      </object_component>
      <object_component id="oc-214">
         <name>.debug_info</name>
         <load_address>0xf15</load_address>
         <run_address>0xf15</run_address>
         <size>0xc8</size>
         <input_file_ref idref="fl-2"/>
      </object_component>
      <object_component id="oc-155">
         <name>.debug_info</name>
         <load_address>0xfdd</load_address>
         <run_address>0xfdd</run_address>
         <size>0x8b</size>
         <input_file_ref idref="fl-2"/>
      </object_component>
      <object_component id="oc-150">
         <name>.debug_info</name>
         <load_address>0x1068</load_address>
         <run_address>0x1068</run_address>
         <size>0x18b</size>
         <input_file_ref idref="fl-2"/>
      </object_component>
      <object_component id="oc-1f5">
         <name>.debug_info</name>
         <load_address>0x11f3</load_address>
         <run_address>0x11f3</run_address>
         <size>0x4e</size>
         <input_file_ref idref="fl-2"/>
      </object_component>
      <object_component id="oc-39">
         <name>.debug_info</name>
         <load_address>0x1241</load_address>
         <run_address>0x1241</run_address>
         <size>0x14d</size>
         <input_file_ref idref="fl-3"/>
      </object_component>
      <object_component id="oc-10">
         <name>.debug_info</name>
         <load_address>0x138e</load_address>
         <run_address>0x138e</run_address>
         <size>0xe8</size>
         <input_file_ref idref="fl-3"/>
      </object_component>
      <object_component id="oc-2d">
         <name>.debug_info</name>
         <load_address>0x1476</load_address>
         <run_address>0x1476</run_address>
         <size>0x264</size>
         <input_file_ref idref="fl-3"/>
      </object_component>
      <object_component id="oc-164">
         <name>.debug_info</name>
         <load_address>0x16da</load_address>
         <run_address>0x16da</run_address>
         <size>0x84</size>
         <input_file_ref idref="fl-3"/>
      </object_component>
      <object_component id="oc-1f4">
         <name>.debug_info</name>
         <load_address>0x175e</load_address>
         <run_address>0x175e</run_address>
         <size>0x237</size>
         <input_file_ref idref="fl-4"/>
      </object_component>
      <object_component id="oc-1e6">
         <name>.debug_info</name>
         <load_address>0x1995</load_address>
         <run_address>0x1995</run_address>
         <size>0xd4</size>
         <input_file_ref idref="fl-4"/>
      </object_component>
      <object_component id="oc-1f1">
         <name>.debug_info</name>
         <load_address>0x1a69</load_address>
         <run_address>0x1a69</run_address>
         <size>0xce</size>
         <input_file_ref idref="fl-4"/>
      </object_component>
      <object_component id="oc-1e9">
         <name>.debug_info</name>
         <load_address>0x1b37</load_address>
         <run_address>0x1b37</run_address>
         <size>0xdc</size>
         <input_file_ref idref="fl-4"/>
      </object_component>
      <object_component id="oc-1e3">
         <name>.debug_info</name>
         <load_address>0x1c13</load_address>
         <run_address>0x1c13</run_address>
         <size>0xe0</size>
         <input_file_ref idref="fl-4"/>
      </object_component>
      <object_component id="oc-e9">
         <name>.debug_info</name>
         <load_address>0x1cf3</load_address>
         <run_address>0x1cf3</run_address>
         <size>0x77d</size>
         <input_file_ref idref="fl-4"/>
      </object_component>
      <object_component id="oc-1a1">
         <name>.debug_info</name>
         <load_address>0x2470</load_address>
         <run_address>0x2470</run_address>
         <size>0x23d</size>
         <input_file_ref idref="fl-a"/>
      </object_component>
      <object_component id="oc-95">
         <name>.debug_info</name>
         <load_address>0x26ad</load_address>
         <run_address>0x26ad</run_address>
         <size>0x333</size>
         <input_file_ref idref="fl-a"/>
      </object_component>
      <object_component id="oc-9b">
         <name>.debug_info</name>
         <load_address>0x29e0</load_address>
         <run_address>0x29e0</run_address>
         <size>0x2a0</size>
         <input_file_ref idref="fl-a"/>
      </object_component>
      <object_component id="oc-10d">
         <name>.debug_info</name>
         <load_address>0x2c80</load_address>
         <run_address>0x2c80</run_address>
         <size>0x2ff</size>
         <input_file_ref idref="fl-a"/>
      </object_component>
      <object_component id="oc-8f">
         <name>.debug_info</name>
         <load_address>0x2f7f</load_address>
         <run_address>0x2f7f</run_address>
         <size>0x326</size>
         <input_file_ref idref="fl-a"/>
      </object_component>
      <object_component id="oc-101">
         <name>.debug_info</name>
         <load_address>0x32a5</load_address>
         <run_address>0x32a5</run_address>
         <size>0x2a4</size>
         <input_file_ref idref="fl-a"/>
      </object_component>
      <object_component id="oc-107">
         <name>.debug_info</name>
         <load_address>0x3549</load_address>
         <run_address>0x3549</run_address>
         <size>0x2e7</size>
         <input_file_ref idref="fl-a"/>
      </object_component>
      <object_component id="oc-fb">
         <name>.debug_info</name>
         <load_address>0x3830</load_address>
         <run_address>0x3830</run_address>
         <size>0x294</size>
         <input_file_ref idref="fl-a"/>
      </object_component>
      <object_component id="oc-1c1">
         <name>.debug_info</name>
         <load_address>0x3ac4</load_address>
         <run_address>0x3ac4</run_address>
         <size>0x230</size>
         <input_file_ref idref="fl-b"/>
      </object_component>
      <object_component id="oc-1be">
         <name>.debug_info</name>
         <load_address>0x3cf4</load_address>
         <run_address>0x3cf4</run_address>
         <size>0x15b</size>
         <input_file_ref idref="fl-b"/>
      </object_component>
      <object_component id="oc-12d">
         <name>.debug_info</name>
         <load_address>0x3e4f</load_address>
         <run_address>0x3e4f</run_address>
         <size>0x2a3</size>
         <input_file_ref idref="fl-b"/>
      </object_component>
      <object_component id="oc-194">
         <name>.debug_info</name>
         <load_address>0x40f2</load_address>
         <run_address>0x40f2</run_address>
         <size>0x2b3</size>
         <input_file_ref idref="fl-b"/>
      </object_component>
      <object_component id="oc-19a">
         <name>.debug_info</name>
         <load_address>0x43a5</load_address>
         <run_address>0x43a5</run_address>
         <size>0x316</size>
         <input_file_ref idref="fl-b"/>
      </object_component>
      <object_component id="oc-dd">
         <name>.debug_info</name>
         <load_address>0x46bb</load_address>
         <run_address>0x46bb</run_address>
         <size>0x27b</size>
         <input_file_ref idref="fl-b"/>
      </object_component>
      <object_component id="oc-144">
         <name>.debug_info</name>
         <load_address>0x4936</load_address>
         <run_address>0x4936</run_address>
         <size>0x2b7</size>
         <input_file_ref idref="fl-b"/>
      </object_component>
      <object_component id="oc-89">
         <name>.debug_info</name>
         <load_address>0x4bed</load_address>
         <run_address>0x4bed</run_address>
         <size>0x279</size>
         <input_file_ref idref="fl-b"/>
      </object_component>
      <object_component id="oc-127">
         <name>.debug_info</name>
         <load_address>0x4e66</load_address>
         <run_address>0x4e66</run_address>
         <size>0x27b</size>
         <input_file_ref idref="fl-b"/>
      </object_component>
      <object_component id="oc-d7">
         <name>.debug_info</name>
         <load_address>0x50e1</load_address>
         <run_address>0x50e1</run_address>
         <size>0x280</size>
         <input_file_ref idref="fl-b"/>
      </object_component>
      <object_component id="oc-1b1">
         <name>.debug_info</name>
         <load_address>0x5361</load_address>
         <run_address>0x5361</run_address>
         <size>0x20e</size>
         <input_file_ref idref="fl-c"/>
      </object_component>
      <object_component id="oc-1ae">
         <name>.debug_info</name>
         <load_address>0x556f</load_address>
         <run_address>0x556f</run_address>
         <size>0x210</size>
         <input_file_ref idref="fl-c"/>
      </object_component>
      <object_component id="oc-c5">
         <name>.debug_info</name>
         <load_address>0x577f</load_address>
         <run_address>0x577f</run_address>
         <size>0x23e</size>
         <input_file_ref idref="fl-c"/>
      </object_component>
      <object_component id="oc-b9">
         <name>.debug_info</name>
         <load_address>0x59bd</load_address>
         <run_address>0x59bd</run_address>
         <size>0x268</size>
         <input_file_ref idref="fl-c"/>
      </object_component>
      <object_component id="oc-192">
         <name>.debug_info</name>
         <load_address>0x5c25</load_address>
         <run_address>0x5c25</run_address>
         <size>0x27f</size>
         <input_file_ref idref="fl-d"/>
      </object_component>
      <object_component id="oc-1a9">
         <name>.debug_info</name>
         <load_address>0x5ea4</load_address>
         <run_address>0x5ea4</run_address>
         <size>0x14d</size>
         <input_file_ref idref="fl-d"/>
      </object_component>
      <object_component id="oc-1c7">
         <name>.debug_info</name>
         <load_address>0x5ff1</load_address>
         <run_address>0x5ff1</run_address>
         <size>0x283</size>
         <input_file_ref idref="fl-d"/>
      </object_component>
      <object_component id="oc-86">
         <name>.debug_info</name>
         <load_address>0x6274</load_address>
         <run_address>0x6274</run_address>
         <size>0x27d</size>
         <input_file_ref idref="fl-d"/>
      </object_component>
      <object_component id="oc-141">
         <name>.debug_info</name>
         <load_address>0x64f1</load_address>
         <run_address>0x64f1</run_address>
         <size>0x2db</size>
         <input_file_ref idref="fl-d"/>
      </object_component>
      <object_component id="oc-b0">
         <name>.debug_info</name>
         <load_address>0x67cc</load_address>
         <run_address>0x67cc</run_address>
         <size>0x2b5</size>
         <input_file_ref idref="fl-d"/>
      </object_component>
      <object_component id="oc-23f">
         <name>.debug_info</name>
         <load_address>0x6a81</load_address>
         <run_address>0x6a81</run_address>
         <size>0x5f</size>
         <input_file_ref idref="fl-d"/>
      </object_component>
      <object_component id="oc-1a6">
         <name>.debug_info</name>
         <load_address>0x6ae0</load_address>
         <run_address>0x6ae0</run_address>
         <size>0x223</size>
         <input_file_ref idref="fl-e"/>
      </object_component>
      <object_component id="oc-b6">
         <name>.debug_info</name>
         <load_address>0x6d03</load_address>
         <run_address>0x6d03</run_address>
         <size>0x2ba</size>
         <input_file_ref idref="fl-e"/>
      </object_component>
      <object_component id="oc-bf">
         <name>.debug_info</name>
         <load_address>0x6fbd</load_address>
         <run_address>0x6fbd</run_address>
         <size>0x294</size>
         <input_file_ref idref="fl-e"/>
      </object_component>
      <object_component id="oc-f5">
         <name>.debug_info</name>
         <load_address>0x7251</load_address>
         <run_address>0x7251</run_address>
         <size>0x292</size>
         <input_file_ref idref="fl-e"/>
      </object_component>
      <object_component id="oc-a7">
         <name>.debug_info</name>
         <load_address>0x74e3</load_address>
         <run_address>0x74e3</run_address>
         <size>0x27f</size>
         <input_file_ref idref="fl-e"/>
      </object_component>
      <object_component id="oc-a1">
         <name>.debug_info</name>
         <load_address>0x7762</load_address>
         <run_address>0x7762</run_address>
         <size>0x28c</size>
         <input_file_ref idref="fl-e"/>
      </object_component>
      <object_component id="oc-1bb">
         <name>.debug_info</name>
         <load_address>0x79ee</load_address>
         <run_address>0x79ee</run_address>
         <size>0x227</size>
         <input_file_ref idref="fl-f"/>
      </object_component>
      <object_component id="oc-ce">
         <name>.debug_info</name>
         <load_address>0x7c15</load_address>
         <run_address>0x7c15</run_address>
         <size>0x27f</size>
         <input_file_ref idref="fl-f"/>
      </object_component>
      <object_component id="oc-f2">
         <name>.debug_info</name>
         <load_address>0x7e94</load_address>
         <run_address>0x7e94</run_address>
         <size>0x28f</size>
         <input_file_ref idref="fl-f"/>
      </object_component>
      <object_component id="oc-d4">
         <name>.debug_info</name>
         <load_address>0x8123</load_address>
         <run_address>0x8123</run_address>
         <size>0x28d</size>
         <input_file_ref idref="fl-f"/>
      </object_component>
      <object_component id="oc-1d1">
         <name>.debug_info</name>
         <load_address>0x83b0</load_address>
         <run_address>0x83b0</run_address>
         <size>0x247</size>
         <input_file_ref idref="fl-f"/>
      </object_component>
      <object_component id="oc-259">
         <name>.debug_info</name>
         <load_address>0x85f7</load_address>
         <run_address>0x85f7</run_address>
         <size>0x249</size>
         <input_file_ref idref="fl-f"/>
      </object_component>
      <object_component id="oc-1cb">
         <name>.debug_info</name>
         <load_address>0x8840</load_address>
         <run_address>0x8840</run_address>
         <size>0x326</size>
         <input_file_ref idref="fl-f"/>
      </object_component>
      <object_component id="oc-e3">
         <name>.debug_info</name>
         <load_address>0x8b66</load_address>
         <run_address>0x8b66</run_address>
         <size>0x291</size>
         <input_file_ref idref="fl-f"/>
      </object_component>
      <object_component id="oc-1d7">
         <name>.debug_info</name>
         <load_address>0x8df7</load_address>
         <run_address>0x8df7</run_address>
         <size>0x273</size>
         <input_file_ref idref="fl-f"/>
      </object_component>
      <object_component id="oc-1dd">
         <name>.debug_info</name>
         <load_address>0x906a</load_address>
         <run_address>0x906a</run_address>
         <size>0x24d</size>
         <input_file_ref idref="fl-f"/>
      </object_component>
      <object_component id="oc-1b4">
         <name>.debug_info</name>
         <load_address>0x92b7</load_address>
         <run_address>0x92b7</run_address>
         <size>0x212</size>
         <input_file_ref idref="fl-10"/>
      </object_component>
      <object_component id="oc-26">
         <name>.debug_info</name>
         <load_address>0x94c9</load_address>
         <run_address>0x94c9</run_address>
         <size>0x161</size>
         <input_file_ref idref="fl-c6"/>
      </object_component>
      <object_component id="oc-45">
         <name>.debug_info</name>
         <load_address>0x962a</load_address>
         <run_address>0x962a</run_address>
         <size>0x141</size>
         <input_file_ref idref="fl-c7"/>
      </object_component>
      <object_component id="oc-14">
         <name>.debug_info</name>
         <load_address>0x976b</load_address>
         <run_address>0x976b</run_address>
         <size>0x1e0</size>
         <input_file_ref idref="fl-c7"/>
      </object_component>
      <object_component id="oc-40">
         <name>.debug_info</name>
         <load_address>0x994b</load_address>
         <run_address>0x994b</run_address>
         <size>0x46</size>
         <input_file_ref idref="fl-c7"/>
      </object_component>
      <object_component id="oc-15d">
         <name>.debug_info</name>
         <load_address>0x9991</load_address>
         <run_address>0x9991</run_address>
         <size>0x2c</size>
         <input_file_ref idref="fl-c7"/>
      </object_component>
      <object_component id="oc-4d">
         <name>.debug_info</name>
         <load_address>0x99bd</load_address>
         <run_address>0x99bd</run_address>
         <size>0x135</size>
         <input_file_ref idref="fl-c8"/>
      </object_component>
      <object_component id="oc-47">
         <name>.debug_info</name>
         <load_address>0x9af2</load_address>
         <run_address>0x9af2</run_address>
         <size>0x248</size>
         <input_file_ref idref="fl-c8"/>
      </object_component>
      <object_component id="oc-1c">
         <name>.debug_info</name>
         <load_address>0x9d3a</load_address>
         <run_address>0x9d3a</run_address>
         <size>0x1b2</size>
         <input_file_ref idref="fl-c8"/>
      </object_component>
      <object_component id="oc-4e">
         <name>.debug_info</name>
         <load_address>0x9eec</load_address>
         <run_address>0x9eec</run_address>
         <size>0x39</size>
         <input_file_ref idref="fl-c8"/>
      </object_component>
      <object_component id="oc-16c">
         <name>.debug_info</name>
         <load_address>0x9f25</load_address>
         <run_address>0x9f25</run_address>
         <size>0x2c</size>
         <input_file_ref idref="fl-c8"/>
      </object_component>
      <object_component id="oc-18d">
         <name>.debug_info</name>
         <load_address>0x9f51</load_address>
         <run_address>0x9f51</run_address>
         <size>0x235</size>
         <input_file_ref idref="fl-ca"/>
      </object_component>
      <object_component id="oc-187">
         <name>.debug_info</name>
         <load_address>0xa186</load_address>
         <run_address>0xa186</run_address>
         <size>0x186</size>
         <input_file_ref idref="fl-ca"/>
      </object_component>
      <object_component id="oc-78">
         <name>.debug_info</name>
         <load_address>0xa30c</load_address>
         <run_address>0xa30c</run_address>
         <size>0x215</size>
         <input_file_ref idref="fl-ca"/>
      </object_component>
      <object_component id="oc-11d">
         <name>.debug_info</name>
         <load_address>0xa521</load_address>
         <run_address>0xa521</run_address>
         <size>0x133</size>
         <input_file_ref idref="fl-cb"/>
      </object_component>
      <object_component id="oc-118">
         <name>.debug_info</name>
         <load_address>0xa654</load_address>
         <run_address>0xa654</run_address>
         <size>0x133</size>
         <input_file_ref idref="fl-cc"/>
      </object_component>
      <object_component id="oc-123">
         <name>.debug_info</name>
         <load_address>0xa787</load_address>
         <run_address>0xa787</run_address>
         <size>0x137</size>
         <input_file_ref idref="fl-cd"/>
      </object_component>
      <object_component id="oc-134">
         <name>.debug_info</name>
         <load_address>0xa8be</load_address>
         <run_address>0xa8be</run_address>
         <size>0x125</size>
         <input_file_ref idref="fl-ce"/>
      </object_component>
      <object_component id="oc-3c">
         <name>.debug_info</name>
         <load_address>0xa9e3</load_address>
         <run_address>0xa9e3</run_address>
         <size>0x112</size>
         <input_file_ref idref="fl-cf"/>
      </object_component>
      <object_component id="oc-54">
         <name>.debug_info</name>
         <load_address>0xaaf5</load_address>
         <run_address>0xaaf5</run_address>
         <size>0x140</size>
         <input_file_ref idref="fl-d0"/>
      </object_component>
      <object_component id="oc-63">
         <name>.debug_info</name>
         <load_address>0xac35</load_address>
         <run_address>0xac35</run_address>
         <size>0x139</size>
         <input_file_ref idref="fl-d1"/>
      </object_component>
      <object_component id="oc-69">
         <name>.debug_info</name>
         <load_address>0xad6e</load_address>
         <run_address>0xad6e</run_address>
         <size>0x149</size>
         <input_file_ref idref="fl-d2"/>
      </object_component>
      <object_component id="oc-20e">
         <name>.debug_info</name>
         <load_address>0xaeb7</load_address>
         <run_address>0xaeb7</run_address>
         <size>0x1bc</size>
         <input_file_ref idref="fl-d3"/>
      </object_component>
      <object_component id="oc-13a">
         <name>.debug_info</name>
         <load_address>0xb073</load_address>
         <run_address>0xb073</run_address>
         <size>0x2e5</size>
         <input_file_ref idref="fl-d3"/>
      </object_component>
      <object_component id="oc-2c3">
         <name>.debug_info</name>
         <load_address>0xb358</load_address>
         <run_address>0xb358</run_address>
         <size>0x2c</size>
         <input_file_ref idref="fl-d3"/>
      </object_component>
      <object_component id="oc-7e">
         <name>.debug_info</name>
         <load_address>0xb384</load_address>
         <run_address>0xb384</run_address>
         <size>0x10a</size>
         <input_file_ref idref="fl-d4"/>
      </object_component>
      <object_component id="oc-1ec">
         <name>.debug_info</name>
         <load_address>0xb48e</load_address>
         <run_address>0xb48e</run_address>
         <size>0x13b</size>
         <input_file_ref idref="fl-d5"/>
      </object_component>
      <object_component id="oc-113">
         <name>.debug_info</name>
         <load_address>0xb5c9</load_address>
         <run_address>0xb5c9</run_address>
         <size>0x127</size>
         <input_file_ref idref="fl-d6"/>
      </object_component>
      <object_component id="oc-239">
         <name>.debug_info</name>
         <load_address>0xb6f0</load_address>
         <run_address>0xb6f0</run_address>
         <size>0x125</size>
         <input_file_ref idref="fl-d7"/>
      </object_component>
      <object_component id="oc-18a">
         <name>.debug_info</name>
         <load_address>0xb815</load_address>
         <run_address>0xb815</run_address>
         <size>0x114</size>
         <input_file_ref idref="fl-d7"/>
      </object_component>
      <object_component id="oc-235">
         <name>.debug_info</name>
         <load_address>0xb929</load_address>
         <run_address>0xb929</run_address>
         <size>0x220</size>
         <input_file_ref idref="fl-d7"/>
      </object_component>
      <object_component id="oc-2bd">
         <name>.debug_info</name>
         <load_address>0xbb49</load_address>
         <run_address>0xbb49</run_address>
         <size>0x391</size>
         <input_file_ref idref="fl-d8"/>
      </object_component>
      <object_component id="oc-208">
         <name>.debug_info</name>
         <load_address>0xbeda</load_address>
         <run_address>0xbeda</run_address>
         <size>0x17f1</size>
         <input_file_ref idref="fl-d8"/>
      </object_component>
      <object_component id="oc-2be">
         <name>.debug_info</name>
         <load_address>0xd6cb</load_address>
         <run_address>0xd6cb</run_address>
         <size>0x86</size>
         <input_file_ref idref="fl-d8"/>
      </object_component>
      <object_component id="oc-302">
         <name>.debug_info</name>
         <load_address>0xd751</load_address>
         <run_address>0xd751</run_address>
         <size>0x46</size>
         <input_file_ref idref="fl-d8"/>
      </object_component>
      <object_component id="oc-2c8">
         <name>.debug_info</name>
         <load_address>0xd797</load_address>
         <run_address>0xd797</run_address>
         <size>0x39</size>
         <input_file_ref idref="fl-d8"/>
      </object_component>
      <object_component id="oc-185">
         <name>.debug_info</name>
         <load_address>0xd7d0</load_address>
         <run_address>0xd7d0</run_address>
         <size>0x167</size>
         <input_file_ref idref="fl-d9"/>
      </object_component>
      <object_component id="oc-73">
         <name>.debug_info</name>
         <load_address>0xd937</load_address>
         <run_address>0xd937</run_address>
         <size>0x168</size>
         <input_file_ref idref="fl-d9"/>
      </object_component>
      <object_component id="oc-22a">
         <name>.debug_info</name>
         <load_address>0xda9f</load_address>
         <run_address>0xda9f</run_address>
         <size>0x5e</size>
         <input_file_ref idref="fl-d9"/>
      </object_component>
      <object_component id="oc-2ff">
         <name>.debug_info</name>
         <load_address>0xdafd</load_address>
         <run_address>0xdafd</run_address>
         <size>0x115</size>
         <input_file_ref idref="fl-da"/>
      </object_component>
      <object_component id="oc-2b7">
         <name>.debug_info</name>
         <load_address>0xdc12</load_address>
         <run_address>0xdc12</run_address>
         <size>0x172</size>
         <input_file_ref idref="fl-da"/>
      </object_component>
      <object_component id="oc-183">
         <name>.debug_info</name>
         <load_address>0xdd84</load_address>
         <run_address>0xdd84</run_address>
         <size>0x2ea</size>
         <input_file_ref idref="fl-db"/>
      </object_component>
      <object_component id="oc-6c">
         <name>.debug_info</name>
         <load_address>0xe06e</load_address>
         <run_address>0xe06e</run_address>
         <size>0x191</size>
         <input_file_ref idref="fl-db"/>
      </object_component>
      <object_component id="oc-21e">
         <name>.debug_info</name>
         <load_address>0xe1ff</load_address>
         <run_address>0xe1ff</run_address>
         <size>0x39</size>
         <input_file_ref idref="fl-db"/>
      </object_component>
      <object_component id="oc-223">
         <name>.debug_info</name>
         <load_address>0xe238</load_address>
         <run_address>0xe238</run_address>
         <size>0xcd</size>
         <input_file_ref idref="fl-db"/>
      </object_component>
      <object_component id="oc-21a">
         <name>.debug_info</name>
         <load_address>0xe305</load_address>
         <run_address>0xe305</run_address>
         <size>0x1e1</size>
         <input_file_ref idref="fl-dc"/>
      </object_component>
      <object_component id="oc-178">
         <name>.debug_info</name>
         <load_address>0xe4e6</load_address>
         <run_address>0xe4e6</run_address>
         <size>0x184</size>
         <input_file_ref idref="fl-dc"/>
      </object_component>
      <object_component id="oc-2d1">
         <name>.debug_info</name>
         <load_address>0xe66a</load_address>
         <run_address>0xe66a</run_address>
         <size>0x2c</size>
         <input_file_ref idref="fl-dc"/>
      </object_component>
      <object_component id="oc-318">
         <name>.debug_info</name>
         <load_address>0xe696</load_address>
         <run_address>0xe696</run_address>
         <size>0xef</size>
         <input_file_ref idref="fl-dd"/>
      </object_component>
      <object_component id="oc-2fc">
         <name>.debug_info</name>
         <load_address>0xe785</load_address>
         <run_address>0xe785</run_address>
         <size>0xfb</size>
         <input_file_ref idref="fl-dd"/>
      </object_component>
      <object_component id="oc-29a">
         <name>.debug_info</name>
         <load_address>0xe880</load_address>
         <run_address>0xe880</run_address>
         <size>0x145</size>
         <input_file_ref idref="fl-de"/>
      </object_component>
      <object_component id="oc-281">
         <name>.debug_info</name>
         <load_address>0xe9c5</load_address>
         <run_address>0xe9c5</run_address>
         <size>0x121</size>
         <input_file_ref idref="fl-df"/>
      </object_component>
      <object_component id="oc-285">
         <name>.debug_info</name>
         <load_address>0xeae6</load_address>
         <run_address>0xeae6</run_address>
         <size>0x123</size>
         <input_file_ref idref="fl-df"/>
      </object_component>
      <object_component id="oc-28a">
         <name>.debug_info</name>
         <load_address>0xec09</load_address>
         <run_address>0xec09</run_address>
         <size>0x127</size>
         <input_file_ref idref="fl-e0"/>
      </object_component>
      <object_component id="oc-269">
         <name>.debug_info</name>
         <load_address>0xed30</load_address>
         <run_address>0xed30</run_address>
         <size>0x148</size>
         <input_file_ref idref="fl-e1"/>
      </object_component>
      <object_component id="oc-295">
         <name>.debug_info</name>
         <load_address>0xee78</load_address>
         <run_address>0xee78</run_address>
         <size>0x125</size>
         <input_file_ref idref="fl-e2"/>
      </object_component>
      <object_component id="oc-2e2">
         <name>.debug_info</name>
         <load_address>0xef9d</load_address>
         <run_address>0xef9d</run_address>
         <size>0x14d</size>
         <input_file_ref idref="fl-e3"/>
      </object_component>
      <object_component id="oc-290">
         <name>.debug_info</name>
         <load_address>0xf0ea</load_address>
         <run_address>0xf0ea</run_address>
         <size>0x1c3</size>
         <input_file_ref idref="fl-e3"/>
      </object_component>
      <object_component id="oc-2fa">
         <name>.debug_info</name>
         <load_address>0xf2ad</load_address>
         <run_address>0xf2ad</run_address>
         <size>0xf2</size>
         <input_file_ref idref="fl-e4"/>
      </object_component>
      <object_component id="oc-2b2">
         <name>.debug_info</name>
         <load_address>0xf39f</load_address>
         <run_address>0xf39f</run_address>
         <size>0x1ac</size>
         <input_file_ref idref="fl-e4"/>
      </object_component>
      <object_component id="oc-2e6">
         <name>.debug_info</name>
         <load_address>0xf54b</load_address>
         <run_address>0xf54b</run_address>
         <size>0x140</size>
         <input_file_ref idref="fl-e5"/>
      </object_component>
      <object_component id="oc-2a1">
         <name>.debug_info</name>
         <load_address>0xf68b</load_address>
         <run_address>0xf68b</run_address>
         <size>0x18b</size>
         <input_file_ref idref="fl-e5"/>
      </object_component>
      <object_component id="oc-2e7">
         <name>.debug_info</name>
         <load_address>0xf816</load_address>
         <run_address>0xf816</run_address>
         <size>0x2c</size>
         <input_file_ref idref="fl-e5"/>
      </object_component>
      <object_component id="oc-2f6">
         <name>.debug_info</name>
         <load_address>0xf842</load_address>
         <run_address>0xf842</run_address>
         <size>0x17d</size>
         <input_file_ref idref="fl-e6"/>
      </object_component>
      <object_component id="oc-2a5">
         <name>.debug_info</name>
         <load_address>0xf9bf</load_address>
         <run_address>0xf9bf</run_address>
         <size>0x1d6</size>
         <input_file_ref idref="fl-e6"/>
      </object_component>
      <object_component id="oc-17d">
         <name>.debug_info</name>
         <load_address>0xfb95</load_address>
         <run_address>0xfb95</run_address>
         <size>0x146</size>
         <input_file_ref idref="fl-e7"/>
      </object_component>
      <object_component id="oc-2f8">
         <name>.debug_info</name>
         <load_address>0xfcdb</load_address>
         <run_address>0xfcdb</run_address>
         <size>0xf6</size>
         <input_file_ref idref="fl-e8"/>
      </object_component>
      <object_component id="oc-2ab">
         <name>.debug_info</name>
         <load_address>0xfdd1</load_address>
         <run_address>0xfdd1</run_address>
         <size>0x245</size>
         <input_file_ref idref="fl-e8"/>
      </object_component>
      <object_component id="oc-2dd">
         <name>.debug_info</name>
         <load_address>0x10016</load_address>
         <run_address>0x10016</run_address>
         <size>0xeb</size>
         <input_file_ref idref="fl-e9"/>
      </object_component>
      <object_component id="oc-27c">
         <name>.debug_info</name>
         <load_address>0x10101</load_address>
         <run_address>0x10101</run_address>
         <size>0x22b</size>
         <input_file_ref idref="fl-e9"/>
      </object_component>
      <object_component id="oc-277">
         <name>.debug_info</name>
         <load_address>0x1032c</load_address>
         <run_address>0x1032c</run_address>
         <size>0x17e</size>
         <input_file_ref idref="fl-ea"/>
      </object_component>
      <object_component id="oc-2f3">
         <name>.debug_info</name>
         <load_address>0x104aa</load_address>
         <run_address>0x104aa</run_address>
         <size>0xf4</size>
         <input_file_ref idref="fl-eb"/>
      </object_component>
      <object_component id="oc-2ed">
         <name>.debug_info</name>
         <load_address>0x1059e</load_address>
         <run_address>0x1059e</run_address>
         <size>0x157</size>
         <input_file_ref idref="fl-ec"/>
      </object_component>
      <object_component id="oc-341">
         <name>.debug_info</name>
         <load_address>0x106f5</load_address>
         <run_address>0x106f5</run_address>
         <size>0x9e</size>
      </object_component>
      <object_component id="oc-213">
         <name>.debug_line</name>
         <load_address>0x0</load_address>
         <run_address>0x0</run_address>
         <size>0x22c</size>
         <input_file_ref idref="fl-2"/>
      </object_component>
      <object_component id="oc-35">
         <name>.debug_line</name>
         <load_address>0x22c</load_address>
         <run_address>0x22c</run_address>
         <size>0x105</size>
         <input_file_ref idref="fl-2"/>
      </object_component>
      <object_component id="oc-217">
         <name>.debug_line</name>
         <load_address>0x331</load_address>
         <run_address>0x331</run_address>
         <size>0x5e</size>
         <input_file_ref idref="fl-2"/>
      </object_component>
      <object_component id="oc-158">
         <name>.debug_line</name>
         <load_address>0x38f</load_address>
         <run_address>0x38f</run_address>
         <size>0x20</size>
         <input_file_ref idref="fl-2"/>
      </object_component>
      <object_component id="oc-153">
         <name>.debug_line</name>
         <load_address>0x3af</load_address>
         <run_address>0x3af</run_address>
         <size>0x5f</size>
         <input_file_ref idref="fl-2"/>
      </object_component>
      <object_component id="oc-1f8">
         <name>.debug_line</name>
         <load_address>0x40e</load_address>
         <run_address>0x40e</run_address>
         <size>0x5f</size>
         <input_file_ref idref="fl-2"/>
      </object_component>
      <object_component id="oc-15b">
         <name>.debug_line</name>
         <load_address>0x46d</load_address>
         <run_address>0x46d</run_address>
         <size>0x41</size>
         <input_file_ref idref="fl-3"/>
      </object_component>
      <object_component id="oc-38">
         <name>.debug_line</name>
         <load_address>0x4ae</load_address>
         <run_address>0x4ae</run_address>
         <size>0x41</size>
         <input_file_ref idref="fl-3"/>
      </object_component>
      <object_component id="oc-2c">
         <name>.debug_line</name>
         <load_address>0x4ef</load_address>
         <run_address>0x4ef</run_address>
         <size>0xa1</size>
         <input_file_ref idref="fl-3"/>
      </object_component>
      <object_component id="oc-167">
         <name>.debug_line</name>
         <load_address>0x590</load_address>
         <run_address>0x590</run_address>
         <size>0x20</size>
         <input_file_ref idref="fl-3"/>
      </object_component>
      <object_component id="oc-273">
         <name>.debug_line</name>
         <load_address>0x5b0</load_address>
         <run_address>0x5b0</run_address>
         <size>0x8e</size>
         <input_file_ref idref="fl-4"/>
      </object_component>
      <object_component id="oc-265">
         <name>.debug_line</name>
         <load_address>0x63e</load_address>
         <run_address>0x63e</run_address>
         <size>0x32</size>
         <input_file_ref idref="fl-4"/>
      </object_component>
      <object_component id="oc-271">
         <name>.debug_line</name>
         <load_address>0x670</load_address>
         <run_address>0x670</run_address>
         <size>0x32</size>
         <input_file_ref idref="fl-4"/>
      </object_component>
      <object_component id="oc-267">
         <name>.debug_line</name>
         <load_address>0x6a2</load_address>
         <run_address>0x6a2</run_address>
         <size>0x32</size>
         <input_file_ref idref="fl-4"/>
      </object_component>
      <object_component id="oc-263">
         <name>.debug_line</name>
         <load_address>0x6d4</load_address>
         <run_address>0x6d4</run_address>
         <size>0x32</size>
         <input_file_ref idref="fl-4"/>
      </object_component>
      <object_component id="oc-ec">
         <name>.debug_line</name>
         <load_address>0x706</load_address>
         <run_address>0x706</run_address>
         <size>0x283</size>
         <input_file_ref idref="fl-4"/>
      </object_component>
      <object_component id="oc-247">
         <name>.debug_line</name>
         <load_address>0x989</load_address>
         <run_address>0x989</run_address>
         <size>0xde</size>
         <input_file_ref idref="fl-a"/>
      </object_component>
      <object_component id="oc-98">
         <name>.debug_line</name>
         <load_address>0xa67</load_address>
         <run_address>0xa67</run_address>
         <size>0xa7</size>
         <input_file_ref idref="fl-a"/>
      </object_component>
      <object_component id="oc-9e">
         <name>.debug_line</name>
         <load_address>0xb0e</load_address>
         <run_address>0xb0e</run_address>
         <size>0x91</size>
         <input_file_ref idref="fl-a"/>
      </object_component>
      <object_component id="oc-110">
         <name>.debug_line</name>
         <load_address>0xb9f</load_address>
         <run_address>0xb9f</run_address>
         <size>0x9c</size>
         <input_file_ref idref="fl-a"/>
      </object_component>
      <object_component id="oc-92">
         <name>.debug_line</name>
         <load_address>0xc3b</load_address>
         <run_address>0xc3b</run_address>
         <size>0xa3</size>
         <input_file_ref idref="fl-a"/>
      </object_component>
      <object_component id="oc-104">
         <name>.debug_line</name>
         <load_address>0xcde</load_address>
         <run_address>0xcde</run_address>
         <size>0x91</size>
         <input_file_ref idref="fl-a"/>
      </object_component>
      <object_component id="oc-10a">
         <name>.debug_line</name>
         <load_address>0xd6f</load_address>
         <run_address>0xd6f</run_address>
         <size>0x9b</size>
         <input_file_ref idref="fl-a"/>
      </object_component>
      <object_component id="oc-fe">
         <name>.debug_line</name>
         <load_address>0xe0a</load_address>
         <run_address>0xe0a</run_address>
         <size>0x91</size>
         <input_file_ref idref="fl-a"/>
      </object_component>
      <object_component id="oc-256">
         <name>.debug_line</name>
         <load_address>0xe9b</load_address>
         <run_address>0xe9b</run_address>
         <size>0x82</size>
         <input_file_ref idref="fl-b"/>
      </object_component>
      <object_component id="oc-254">
         <name>.debug_line</name>
         <load_address>0xf1d</load_address>
         <run_address>0xf1d</run_address>
         <size>0x7d</size>
         <input_file_ref idref="fl-b"/>
      </object_component>
      <object_component id="oc-130">
         <name>.debug_line</name>
         <load_address>0xf9a</load_address>
         <run_address>0xf9a</run_address>
         <size>0x92</size>
         <input_file_ref idref="fl-b"/>
      </object_component>
      <object_component id="oc-197">
         <name>.debug_line</name>
         <load_address>0x102c</load_address>
         <run_address>0x102c</run_address>
         <size>0x95</size>
         <input_file_ref idref="fl-b"/>
      </object_component>
      <object_component id="oc-19d">
         <name>.debug_line</name>
         <load_address>0x10c1</load_address>
         <run_address>0x10c1</run_address>
         <size>0xd1</size>
         <input_file_ref idref="fl-b"/>
      </object_component>
      <object_component id="oc-e0">
         <name>.debug_line</name>
         <load_address>0x1192</load_address>
         <run_address>0x1192</run_address>
         <size>0x93</size>
         <input_file_ref idref="fl-b"/>
      </object_component>
      <object_component id="oc-147">
         <name>.debug_line</name>
         <load_address>0x1225</load_address>
         <run_address>0x1225</run_address>
         <size>0x99</size>
         <input_file_ref idref="fl-b"/>
      </object_component>
      <object_component id="oc-8c">
         <name>.debug_line</name>
         <load_address>0x12be</load_address>
         <run_address>0x12be</run_address>
         <size>0x93</size>
         <input_file_ref idref="fl-b"/>
      </object_component>
      <object_component id="oc-12a">
         <name>.debug_line</name>
         <load_address>0x1351</load_address>
         <run_address>0x1351</run_address>
         <size>0x92</size>
         <input_file_ref idref="fl-b"/>
      </object_component>
      <object_component id="oc-da">
         <name>.debug_line</name>
         <load_address>0x13e3</load_address>
         <run_address>0x13e3</run_address>
         <size>0xa7</size>
         <input_file_ref idref="fl-b"/>
      </object_component>
      <object_component id="oc-24f">
         <name>.debug_line</name>
         <load_address>0x148a</load_address>
         <run_address>0x148a</run_address>
         <size>0x7c</size>
[...]
      </symbol>
      <symbol id="sm-7">
         <name>__binit__</name>
         <value>0xffffffff</value>
      </symbol>
      <symbol id="sm-8">
         <name>__STACK_SIZE</name>
         <value>0x200</value>
      </symbol>
      <symbol id="sm-9">
         <name>__STACK_END</name>
         <value>0x20000200</value>
      </symbol>
      <symbol id="sm-a">
         <name>__c_args__</name>
         <value>0xffffffff</value>
      </symbol>
      <symbol id="sm-b">
         <name>__TI_pprof_out_hndl</name>
         <value>0xffffffff</value>
      </symbol>
      <symbol id="sm-c">
         <name>__TI_prof_data_start</name>
         <value>0xffffffff</value>
      </symbol>
      <symbol id="sm-d">
         <name>__TI_prof_data_size</name>
         <value>0xffffffff</value>
      </symbol>
      <symbol id="sm-67">
         <name>Data</name>
         <value>0x20000264</value>
      </symbol>
      <symbol id="sm-68">
         <name>str</name>
         <value>0x20000200</value>
      </symbol>
      <symbol id="sm-69">
         <name>Voltage1</name>
         <value>0x2000026c</value>
      </symbol>
      <symbol id="sm-6a">
         <name>Voltage2</name>
         <value>0x20000270</value>
      </symbol>
      <symbol id="sm-6b">
         <name>UART0_IntHandler</name>
         <value>0x18a5</value>
         <object_component_ref idref="oc-31"/>
      </symbol>
      <symbol id="sm-6c">
         <name>config_timer</name>
         <value>0x185d</value>
         <object_component_ref idref="oc-31"/>
      </symbol>
      <symbol id="sm-6d">
         <name>main</name>
         <value>0x19dd</value>
         <object_component_ref idref="oc-31"/>
      </symbol>
      <symbol id="sm-6e">
         <name>ConfigureUART</name>
         <value>0x18bb</value>
         <object_component_ref idref="oc-31"/>
      </symbol>
      <symbol id="sm-6f">
         <name>Timer0IntHandler</name>
         <value>0x1915</value>
         <object_component_ref idref="oc-31"/>
      </symbol>
      <symbol id="sm-70">
         <name>config_adc</name>
         <value>0x1819</value>
         <object_component_ref idref="oc-31"/>
      </symbol>
      <symbol id="sm-91">
         <name>ResetISR</name>
         <value>0x2fa9</value>
         <object_component_ref idref="oc-2b"/>
      </symbol>
      <symbol id="sm-92">
         <name>g_pfnVectors</name>
         <value>0x0</value>
         <object_component_ref idref="oc-f"/>
      </symbol>
      <symbol id="sm-101">
         <name>UARTgetc</name>
         <value>0x14c3</value>
         <object_component_ref idref="oc-e8"/>
      </symbol>
      <symbol id="sm-102">
         <name>UARTgets</name>
         <value>0x1409</value>
         <object_component_ref idref="oc-e8"/>
      </symbol>
      <symbol id="sm-103">
         <name>UARTStdioConfig</name>
         <value>0x137d</value>
         <object_component_ref idref="oc-e8"/>
      </symbol>
      <symbol id="sm-104">
         <name>UARTwrite</name>
         <value>0x13c3</value>
         <object_component_ref idref="oc-e8"/>
      </symbol>
      <symbol id="sm-105">
         <name>UARTprintf</name>
         <value>0x17e3</value>
         <object_component_ref idref="oc-e8"/>
      </symbol>
      <symbol id="sm-106">
         <name>UARTvprintf</name>
         <value>0x14e9</value>
         <object_component_ref idref="oc-e8"/>
      </symbol>
      <symbol id="sm-14b">
         <name>ADCProcessorTrigger</name>
         <value>0x2e7b</value>
         <object_component_ref idref="oc-100"/>
      </symbol>
      <symbol id="sm-14c">
         <name>ADCSequenceEnable</name>
         <value>0x2f73</value>
         <object_component_ref idref="oc-9a"/>
      </symbol>
      <symbol id="sm-14d">
         <name>ADCSequenceConfigure</name>
         <value>0x2c97</value>
         <object_component_ref idref="oc-8e"/>
      </symbol>
      <symbol id="sm-14e">
         <name>ADCSequenceStepConfigure</name>
         <value>0x2621</value>
         <object_component_ref idref="oc-94"/>
      </symbol>
      <symbol id="sm-14f">
         <name>ADCIntClear</name>
         <value>0x2fb5</value>
         <object_component_ref idref="oc-fa"/>
      </symbol>
      <symbol id="sm-150">
         <name>ADCIntStatus</name>
         <value>0x2d79</value>
         <object_component_ref idref="oc-106"/>
      </symbol>
      <symbol id="sm-151">
         <name>ADCSequenceDataGet</name>
         <value>0x2e41</value>
         <object_component_ref idref="oc-10c"/>
      </symbol>
      <symbol id="sm-1a3">
         <name>GPIOPinConfigure</name>
         <value>0x2b81</value>
         <object_component_ref idref="oc-d6"/>
      </symbol>
      <symbol id="sm-1a4">
         <name>GPIOPinTypeADC</name>
         <value>0x2f2d</value>
         <object_component_ref idref="oc-88"/>
      </symbol>
      <symbol id="sm-1a5">
         <name>GPIOPinTypeUART</name>
         <value>0x2f3f</value>
         <object_component_ref idref="oc-dc"/>
      </symbol>
      <symbol id="sm-1a6">
         <name>GPIOPinTypeGPIOOutput</name>
         <value>0x2e93</value>
         <object_component_ref idref="oc-143"/>
      </symbol>
      <symbol id="sm-1a7">
         <name>GPIOPinRead</name>
         <value>0x2fed</value>
         <object_component_ref idref="oc-126"/>
      </symbol>
      <symbol id="sm-1a8">
         <name>GPIODirModeSet</name>
         <value>0x2dd5</value>
         <object_component_ref idref="oc-193"/>
      </symbol>
      <symbol id="sm-1a9">
         <name>GPIOPinWrite</name>
         <value>0x2ff3</value>
         <object_component_ref idref="oc-12c"/>
      </symbol>
      <symbol id="sm-1aa">
         <name>GPIOPadConfigSet</name>
         <value>0x1f49</value>
         <object_component_ref idref="oc-199"/>
      </symbol>
      <symbol id="sm-1da">
         <name>IntEnable</name>
         <value>0x285d</value>
         <object_component_ref idref="oc-b8"/>
      </symbol>
      <symbol id="sm-1db">
         <name>IntMasterEnable</name>
         <value>0x2f63</value>
         <object_component_ref idref="oc-c4"/>
      </symbol>
      <symbol id="sm-238">
         <name>SysCtlPeripheralPresent</name>
         <value>0x2cd5</value>
         <object_component_ref idref="oc-1c4"/>
      </symbol>
      <symbol id="sm-239">
         <name>SysCtlClockSet</name>
         <value>0x2385</value>
         <object_component_ref idref="oc-13d"/>
      </symbol>
      <symbol id="sm-23a">
         <name>SysCtlDelay</name>
         <value>0x2ff9</value>
         <object_component_ref idref="oc-20f"/>
      </symbol>
      <symbol id="sm-23b">
         <name>SysCtlPeripheralEnable</name>
         <value>0x2d45</value>
         <object_component_ref idref="oc-82"/>
      </symbol>
      <symbol id="sm-23c">
         <name>SysCtlClockGet</name>
         <value>0x207d</value>
         <object_component_ref idref="oc-ac"/>
      </symbol>
      <symbol id="sm-270">
         <name>TimerLoadSet</name>
         <value>0x2f51</value>
         <object_component_ref idref="oc-b2"/>
      </symbol>
      <symbol id="sm-271">
         <name>TimerEnable</name>
         <value>0x2f81</value>
         <object_component_ref idref="oc-a6"/>
      </symbol>
      <symbol id="sm-272">
         <name>TimerIntEnable</name>
         <value>0x2fdd</value>
         <object_component_ref idref="oc-be"/>
      </symbol>
      <symbol id="sm-273">
         <name>TimerConfigure</name>
         <value>0x2929</value>
         <object_component_ref idref="oc-a0"/>
      </symbol>
      <symbol id="sm-274">
         <name>TimerIntClear</name>
         <value>0x300b</value>
         <object_component_ref idref="oc-f4"/>
      </symbol>
      <symbol id="sm-2c7">
         <name>UARTConfigSetExpClk</name>
         <value>0x2c11</value>
         <object_component_ref idref="oc-1ca"/>
      </symbol>
      <symbol id="sm-2c8">
         <name>UARTDisable</name>
         <value>0x2e01</value>
         <object_component_ref idref="oc-258"/>
      </symbol>
      <symbol id="sm-2c9">
         <name>UARTIntEnable</name>
         <value>0x2fe5</value>
         <object_component_ref idref="oc-ee"/>
      </symbol>
      <symbol id="sm-2ca">
         <name>UARTClockSourceSet</name>
         <value>0x2fff</value>
         <object_component_ref idref="oc-e2"/>
      </symbol>
      <symbol id="sm-2cb">
         <name>UARTCharPut</name>
         <value>0x2fc9</value>
         <object_component_ref idref="oc-1d6"/>
      </symbol>
      <symbol id="sm-2cc">
         <name>UARTEnable</name>
         <value>0x2edb</value>
         <object_component_ref idref="oc-1d0"/>
      </symbol>
      <symbol id="sm-2cd">
         <name>UARTIntClear</name>
         <value>0x300f</value>
         <object_component_ref idref="oc-d0"/>
      </symbol>
      <symbol id="sm-2ce">
         <name>UARTIntStatus</name>
         <value>0x2fd3</value>
         <object_component_ref idref="oc-ca"/>
      </symbol>
      <symbol id="sm-2cf">
         <name>UARTCharGet</name>
         <value>0x2fbf</value>
         <object_component_ref idref="oc-1dc"/>
      </symbol>
      <symbol id="sm-2d9">
         <name>CPUcpsie</name>
         <value>0x2f9d</value>
         <object_component_ref idref="oc-1b3"/>
      </symbol>
      <symbol id="sm-2ea">
         <name>_c_int00</name>
         <value>0x2a41</value>
         <object_component_ref idref="oc-24"/>
      </symbol>
      <symbol id="sm-2eb">
         <name>__stack</name>
         <value>0x20000000</value>
         <object_component_ref idref="oc-2a"/>
      </symbol>
      <symbol id="sm-302">
         <name>__TI_decompress_none</name>
         <value>0x2f8f</value>
         <object_component_ref idref="oc-12"/>
      </symbol>
      <symbol id="sm-32a">
         <name>__TI_decompress_rle24</name>
         <value>0x3005</value>
         <object_component_ref idref="oc-18"/>
      </symbol>
      <symbol id="sm-34c">
         <name>C$$EXIT</name>
         <value>0x2a95</value>
         <object_component_ref idref="oc-77"/>
      </symbol>
      <symbol id="sm-34d">
         <name>abort</name>
         <value>0x2a99</value>
         <object_component_ref idref="oc-77"/>
      </symbol>
      <symbol id="sm-34e">
         <name>exit</name>
         <value>0x2aa1</value>
         <object_component_ref idref="oc-77"/>
      </symbol>
      <symbol id="sm-34f">
         <name>__TI_dtors_ptr</name>
         <value>0x20000278</value>
         <object_component_ref idref="oc-186"/>
      </symbol>
      <symbol id="sm-350">
         <name>__TI_cleanup_ptr</name>
         <value>0x20000274</value>
         <object_component_ref idref="oc-186"/>
      </symbol>
      <symbol id="sm-351">
         <name>__TI_enable_exit_profile_output</name>
         <value>0x2000027c</value>
         <object_component_ref idref="oc-186"/>
      </symbol>
      <symbol id="sm-365">
         <name>__aeabi_ddiv</name>
         <value>0x1e13</value>
         <object_component_ref idref="oc-11c"/>
      </symbol>
      <symbol id="sm-370">
         <name>__aeabi_dmul</name>
         <value>0x218d</value>
         <object_component_ref idref="oc-117"/>
      </symbol>
      <symbol id="sm-37c">
         <name>__aeabi_d2f</name>
         <value>0x2785</value>
         <object_component_ref idref="oc-121"/>
      </symbol>
      <symbol id="sm-387">
         <name>__aeabi_f2d</name>
         <value>0x2d0d</value>
         <object_component_ref idref="oc-132"/>
      </symbol>
      <symbol id="sm-3a2">
         <name>memcpy</name>
         <value>0x2479</value>
         <object_component_ref idref="oc-3a"/>
      </symbol>
      <symbol id="sm-3a3">
         <name>__aeabi_memcpy</name>
         <value>0x2479</value>
         <object_component_ref idref="oc-3a"/>
      </symbol>
      <symbol id="sm-3a4">
         <name>__aeabi_memcpy8</name>
         <value>0x2479</value>
         <object_component_ref idref="oc-3a"/>
      </symbol>
      <symbol id="sm-3a5">
         <name>__aeabi_memcpy4</name>
         <value>0x2479</value>
         <object_component_ref idref="oc-3a"/>
      </symbol>
      <symbol id="sm-3b4">
         <name>__aeabi_memset</name>
         <value>0x269d</value>
         <object_component_ref idref="oc-53"/>
      </symbol>
      <symbol id="sm-3b5">
         <name>memset</name>
         <value>0x26a3</value>
         <object_component_ref idref="oc-53"/>
      </symbol>
      <symbol id="sm-3b6">
         <name>__aeabi_memset8</name>
         <value>0x269d</value>
         <object_component_ref idref="oc-53"/>
      </symbol>
      <symbol id="sm-3b7">
         <name>__aeabi_memset4</name>
         <value>0x269d</value>
         <object_component_ref idref="oc-53"/>
      </symbol>
      <symbol id="sm-3b8">
         <name>__aeabi_memclr8</name>
         <value>0x269b</value>
         <object_component_ref idref="oc-53"/>
      </symbol>
      <symbol id="sm-3b9">
         <name>__aeabi_memclr4</name>
         <value>0x269b</value>
         <object_component_ref idref="oc-53"/>
      </symbol>
      <symbol id="sm-3ba">
         <name>__aeabi_memclr</name>
         <value>0x269b</value>
         <object_component_ref idref="oc-53"/>
      </symbol>
      <symbol id="sm-3c4">
         <name>__mpu_init</name>
         <value>0x2a3f</value>
         <object_component_ref idref="oc-5f"/>
      </symbol>
      <symbol id="sm-3ce">
         <name>_system_pre_init</name>
         <value>0x3013</value>
         <object_component_ref idref="oc-65"/>
      </symbol>
      <symbol id="sm-3e7">
         <name>sprintf</name>
         <value>0x2989</value>
         <object_component_ref idref="oc-137"/>
      </symbol>
      <symbol id="sm-3ef">
         <name>main_func_sp</name>
         <value>0x20000294</value>
         <object_component_ref idref="oc-7d"/>
      </symbol>
      <symbol id="sm-3fe">
         <name>__aeabi_uidivmod</name>
         <value>0x2c57</value>
         <object_component_ref idref="oc-1eb"/>
      </symbol>
      <symbol id="sm-3ff">
         <name>__aeabi_uidiv</name>
         <value>0x2c57</value>
         <object_component_ref idref="oc-1eb"/>
      </symbol>
      <symbol id="sm-409">
         <name>__aeabi_ui2d</name>
         <value>0x2e21</value>
         <object_component_ref idref="oc-112"/>
      </symbol>
      <symbol id="sm-422">
         <name>_nop</name>
         <value>0x2eff</value>
         <object_component_ref idref="oc-231"/>
      </symbol>
      <symbol id="sm-423">
         <name>_lock</name>
         <value>0x20000280</value>
         <object_component_ref idref="oc-189"/>
      </symbol>
      <symbol id="sm-424">
         <name>_unlock</name>
         <value>0x20000284</value>
         <object_component_ref idref="oc-189"/>
      </symbol>
      <symbol id="sm-425">
         <name>_register_lock</name>
         <value>0x2ef7</value>
         <object_component_ref idref="oc-231"/>
      </symbol>
      <symbol id="sm-426">
         <name>_register_unlock</name>
         <value>0x2ef1</value>
         <object_component_ref idref="oc-231"/>
      </symbol>
      <symbol id="sm-52d">
         <name>__TI_printfi</name>
         <value>0x1077</value>
         <object_component_ref idref="oc-207"/>
      </symbol>
      <symbol id="sm-541">
         <name>_args_main</name>
         <value>0x2ead</value>
         <object_component_ref idref="oc-71"/>
      </symbol>
      <symbol id="sm-557">
         <name>atoi</name>
         <value>0x2ae9</value>
         <object_component_ref idref="oc-2b6"/>
      </symbol>
      <symbol id="sm-57c">
         <name>__TI_auto_init</name>
         <value>0x2715</value>
         <object_component_ref idref="oc-6b"/>
      </symbol>
      <symbol id="sm-596">
         <name>copy_in</name>
         <value>0x2b35</value>
         <object_component_ref idref="oc-176"/>
      </symbol>
      <symbol id="sm-5a1">
         <name>_ctypes_</name>
         <value>0x3018</value>
         <object_component_ref idref="oc-2fb"/>
      </symbol>
      <symbol id="sm-5b8">
         <name>__aeabi_dsub</name>
         <value>0x1c5d</value>
         <object_component_ref idref="oc-299"/>
      </symbol>
      <symbol id="sm-5b9">
         <name>__aeabi_dadd</name>
         <value>0x1c67</value>
         <object_component_ref idref="oc-299"/>
      </symbol>
      <symbol id="sm-5db">
         <name>__aeabi_cdcmpeq</name>
         <value>0x2515</value>
         <object_component_ref idref="oc-27f"/>
      </symbol>
      <symbol id="sm-5dc">
         <name>__aeabi_cdcmple</name>
         <value>0x2515</value>
         <object_component_ref idref="oc-27f"/>
      </symbol>
      <symbol id="sm-5dd">
         <name>__aeabi_cdrcmple</name>
         <value>0x259b</value>
         <object_component_ref idref="oc-284"/>
      </symbol>
      <symbol id="sm-5e7">
         <name>__aeabi_d2iz</name>
         <value>0x2bc9</value>
         <object_component_ref idref="oc-289"/>
      </symbol>
      <symbol id="sm-5f1">
         <name>__aeabi_idiv0</name>
         <value>0x207b</value>
         <object_component_ref idref="oc-268"/>
      </symbol>
      <symbol id="sm-5fb">
         <name>__aeabi_i2d</name>
         <value>0x2da7</value>
         <object_component_ref idref="oc-294"/>
      </symbol>
      <symbol id="sm-60a">
         <name>ltoa</name>
         <value>0x29e9</value>
         <object_component_ref idref="oc-28e"/>
      </symbol>
      <symbol id="sm-61a">
         <name>memccpy</name>
         <value>0x2e5f</value>
         <object_component_ref idref="oc-2b0"/>
      </symbol>
      <symbol id="sm-635">
         <name>frexpl</name>
         <value>0x28c5</value>
         <object_component_ref idref="oc-29e"/>
      </symbol>
      <symbol id="sm-636">
         <name>frexp</name>
         <value>0x28c5</value>
         <object_component_ref idref="oc-29e"/>
      </symbol>
      <symbol id="sm-653">
         <name>scalbn</name>
         <value>0x2289</value>
         <object_component_ref idref="oc-2a4"/>
      </symbol>
      <symbol id="sm-654">
         <name>scalbnl</name>
         <value>0x2289</value>
         <object_component_ref idref="oc-2a4"/>
      </symbol>
      <symbol id="sm-655">
         <name>ldexpl</name>
         <value>0x2289</value>
         <object_component_ref idref="oc-2a4"/>
      </symbol>
      <symbol id="sm-656">
         <name>ldexp</name>
         <value>0x2289</value>
         <object_component_ref idref="oc-2a4"/>
      </symbol>
      <symbol id="sm-660">
         <name>_system_post_cinit</name>
         <value>0x2dff</value>
         <object_component_ref idref="oc-17c"/>
      </symbol>
      <symbol id="sm-670">
         <name>strchr</name>
         <value>0x2ec5</value>
         <object_component_ref idref="oc-2aa"/>
      </symbol>
      <symbol id="sm-67e">
         <name>strlen</name>
         <value>0x2f19</value>
         <object_component_ref idref="oc-279"/>
      </symbol>
      <symbol id="sm-69a">
         <name>__aeabi_uldivmod</name>
         <value>0x1a69</value>
         <object_component_ref idref="oc-274"/>
      </symbol>
      <symbol id="sm-6a2">
         <name>errno</name>
         <value>0x20000290</value>
         <object_component_ref idref="oc-2f2"/>
      </symbol>
      <symbol id="sm-6ac">
         <name>copysign</name>
         <value>0x2f05</value>
         <object_component_ref idref="oc-2ec"/>
      </symbol>
      <symbol id="sm-6ad">
         <name>copysignl</name>
         <value>0x2f05</value>
         <object_component_ref idref="oc-2ec"/>
      </symbol>
      <symbol id="sm-6ae">
         <name>__TI_static_base__</name>
         <value>0x0</value>
      </symbol>
      <symbol id="sm-6b1">
         <name>SHT$$INIT_ARRAY$$Limit</name>
         <value>0x0</value>
      </symbol>
      <symbol id="sm-6b2">
         <name>SHT$$INIT_ARRAY$$Base</name>
         <value>0x0</value>
      </symbol>
   </symbol_table>
   <title>Link successful</title>
</link_info>
